Archive member included to satisfy reference by file (symbol)

c:/arm_tool/gcc/bin/../lib/gcc/arm-none-eabi/10.3.1/../../../../arm-none-eabi/lib/thumb/v7-m/nofp\libc_nano.a(lib_a-exit.o)
                              c:/arm_tool/gcc/bin/../lib/gcc/arm-none-eabi/10.3.1/../../../../arm-none-eabi/lib/thumb/v7-m/nofp/crt0.o (exit)
c:/arm_tool/gcc/bin/../lib/gcc/arm-none-eabi/10.3.1/../../../../arm-none-eabi/lib/thumb/v7-m/nofp\libc_nano.a(lib_a-impure.o)
                              c:/arm_tool/gcc/bin/../lib/gcc/arm-none-eabi/10.3.1/../../../../arm-none-eabi/lib/thumb/v7-m/nofp\libc_nano.a(lib_a-exit.o) (_global_impure_ptr)
c:/arm_tool/gcc/bin/../lib/gcc/arm-none-eabi/10.3.1/../../../../arm-none-eabi/lib/thumb/v7-m/nofp\libc_nano.a(lib_a-init.o)
                              c:/arm_tool/gcc/bin/../lib/gcc/arm-none-eabi/10.3.1/../../../../arm-none-eabi/lib/thumb/v7-m/nofp/crt0.o (__libc_init_array)
c:/arm_tool/gcc/bin/../lib/gcc/arm-none-eabi/10.3.1/../../../../arm-none-eabi/lib/thumb/v7-m/nofp\libc_nano.a(lib_a-memset.o)
                              c:/arm_tool/gcc/bin/../lib/gcc/arm-none-eabi/10.3.1/../../../../arm-none-eabi/lib/thumb/v7-m/nofp/crt0.o (memset)
c:/arm_tool/gcc/bin/../lib/gcc/arm-none-eabi/10.3.1/../../../../arm-none-eabi/lib/thumb/v7-m/nofp\libc_nano.a(lib_a-printf.o)
                              build/z80ramm_tests.o (printf)
c:/arm_tool/gcc/bin/../lib/gcc/arm-none-eabi/10.3.1/../../../../arm-none-eabi/lib/thumb/v7-m/nofp\libc_nano.a(lib_a-puts.o)
                              build/main.o (puts)
c:/arm_tool/gcc/bin/../lib/gcc/arm-none-eabi/10.3.1/../../../../arm-none-eabi/lib/thumb/v7-m/nofp\libc_nano.a(lib_a-wbuf.o)
                              c:/arm_tool/gcc/bin/../lib/gcc/arm-none-eabi/10.3.1/../../../../arm-none-eabi/lib/thumb/v7-m/nofp\libc_nano.a(lib_a-puts.o) (__swbuf_r)
c:/arm_tool/gcc/bin/../lib/gcc/arm-none-eabi/10.3.1/../../../../arm-none-eabi/lib/thumb/v7-m/nofp\libc_nano.a(lib_a-wsetup.o)
                              c:/arm_tool/gcc/bin/../lib/gcc/arm-none-eabi/10.3.1/../../../../arm-none-eabi/lib/thumb/v7-m/nofp\libc_nano.a(lib_a-puts.o) (__swsetup_r)
c:/arm_tool/gcc/bin/../lib/gcc/arm-none-eabi/10.3.1/../../../../arm-none-eabi/lib/thumb/v7-m/nofp\libc_nano.a(lib_a-fflush.o)
                              c:/arm_tool/gcc/bin/../lib/gcc/arm-none-eabi/10.3.1/../../../../arm-none-eabi/lib/thumb/v7-m/nofp\libc_nano.a(lib_a-wbuf.o) (_fflush_r)
c:/arm_tool/gcc/bin/../lib/gcc/arm-none-eabi/10.3.1/../../../../arm-none-eabi/lib/thumb/v7-m/nofp\libc_nano.a(lib_a-findfp.o)
                              c:/arm_tool/gcc/bin/../lib/gcc/arm-none-eabi/10.3.1/../../../../arm-none-eabi/lib/thumb/v7-m/nofp\libc_nano.a(lib_a-printf.o) (__sinit)
c:/arm_tool/gcc/bin/../lib/gcc/arm-none-eabi/10.3.1/../../../../arm-none-eabi/lib/thumb/v7-m/nofp\libc_nano.a(lib_a-fwalk.o)
                              c:/arm_tool/gcc/bin/../lib/gcc/arm-none-eabi/10.3.1/../../../../arm-none-eabi/lib/thumb/v7-m/nofp\libc_nano.a(lib_a-findfp.o) (_fwalk)
c:/arm_tool/gcc/bin/../lib/gcc/arm-none-eabi/10.3.1/../../../../arm-none-eabi/lib/thumb/v7-m/nofp\libc_nano.a(lib_a-lock.o)
                              c:/arm_tool/gcc/bin/../lib/gcc/arm-none-eabi/10.3.1/../../../../arm-none-eabi/lib/thumb/v7-m/nofp\libc_nano.a(lib_a-findfp.o) (__retarget_lock_init_recursive)
c:/arm_tool/gcc/bin/../lib/gcc/arm-none-eabi/10.3.1/../../../../arm-none-eabi/lib/thumb/v7-m/nofp\libc_nano.a(lib_a-makebuf.o)
                              c:/arm_tool/gcc/bin/../lib/gcc/arm-none-eabi/10.3.1/../../../../arm-none-eabi/lib/thumb/v7-m/nofp\libc_nano.a(lib_a-wsetup.o) (__smakebuf_r)
c:/arm_tool/gcc/bin/../lib/gcc/arm-none-eabi/10.3.1/../../../../arm-none-eabi/lib/thumb/v7-m/nofp\libc_nano.a(lib_a-nano-freer.o)
                              c:/arm_tool/gcc/bin/../lib/gcc/arm-none-eabi/10.3.1/../../../../arm-none-eabi/lib/thumb/v7-m/nofp\libc_nano.a(lib_a-wsetup.o) (_free_r)
c:/arm_tool/gcc/bin/../lib/gcc/arm-none-eabi/10.3.1/../../../../arm-none-eabi/lib/thumb/v7-m/nofp\libc_nano.a(lib_a-nano-mallocr.o)
                              c:/arm_tool/gcc/bin/../lib/gcc/arm-none-eabi/10.3.1/../../../../arm-none-eabi/lib/thumb/v7-m/nofp\libc_nano.a(lib_a-findfp.o) (_malloc_r)
c:/arm_tool/gcc/bin/../lib/gcc/arm-none-eabi/10.3.1/../../../../arm-none-eabi/lib/thumb/v7-m/nofp\libc_nano.a(lib_a-nano-vfprintf.o)
                              c:/arm_tool/gcc/bin/../lib/gcc/arm-none-eabi/10.3.1/../../../../arm-none-eabi/lib/thumb/v7-m/nofp\libc_nano.a(lib_a-printf.o) (_vfprintf_r)
c:/arm_tool/gcc/bin/../lib/gcc/arm-none-eabi/10.3.1/../../../../arm-none-eabi/lib/thumb/v7-m/nofp\libc_nano.a(lib_a-nano-vfprintf_i.o)
                              c:/arm_tool/gcc/bin/../lib/gcc/arm-none-eabi/10.3.1/../../../../arm-none-eabi/lib/thumb/v7-m/nofp\libc_nano.a(lib_a-nano-vfprintf.o) (_printf_i)
c:/arm_tool/gcc/bin/../lib/gcc/arm-none-eabi/10.3.1/../../../../arm-none-eabi/lib/thumb/v7-m/nofp\libc_nano.a(lib_a-sbrkr.o)
[...]
Memory Configuration

Name             Origin             Length             Attributes
RAM              0x20000000         0x00005000         xrw
FLASH            0x08000000         0x00010000         xr
*default*        0x00000000         0xffffffff

Linker script and memory map

LOAD c:/arm_tool/gcc/bin/../lib/gcc/arm-none-eabi/10.3.1/thumb/v7-m/nofp/crti.o
LOAD c:/arm_tool/gcc/bin/../lib/gcc/arm-none-eabi/10.3.1/thumb/v7-m/nofp/crtbegin.o
LOAD c:/arm_tool/gcc/bin/../lib/gcc/arm-none-eabi/10.3.1/../../../../arm-none-eabi/lib/thumb/v7-m/nofp/crt0.o
LOAD build/main.o
LOAD build/gpio.o
LOAD build/stm32f1xx_it.o
LOAD build/system_stm32f1xx.o
LOAD build/stm32f1xx_ll_gpio.o
LOAD build/stm32f1xx_ll_rcc.o
LOAD build/stm32f1xx_ll_utils.o
LOAD build/stm32f1xx_ll_exti.o
LOAD build/stm32f1xx_hal_msp.o
LOAD build/stm32f1xx_hal_gpio_ex.o
LOAD build/stm32f1xx_hal_tim.o
LOAD build/stm32f1xx_hal_tim_ex.o
LOAD build/stm32f1xx_hal.o
LOAD build/stm32f1xx_hal_rcc.o
LOAD build/stm32f1xx_hal_rcc_ex.o
LOAD build/stm32f1xx_hal_gpio.o
LOAD build/stm32f1xx_hal_dma.o
LOAD build/stm32f1xx_hal_cortex.o
LOAD build/stm32f1xx_hal_pwr.o
LOAD build/stm32f1xx_hal_flash.o
LOAD build/stm32f1xx_hal_flash_ex.o
LOAD build/stm32f1xx_hal_exti.o
LOAD build/usb_device.o
LOAD build/usbd_desc.o
LOAD build/usbd_conf.o
LOAD build/stm32f1xx_hal_pcd.o
LOAD build/stm32f1xx_hal_pcd_ex.o
LOAD build/stm32f1xx_ll_usb.o
LOAD build/usbd_core.o
LOAD build/usbd_ctlreq.o
LOAD build/usbd_ioreq.o
LOAD build/usbd_cdc_if.o
LOAD build/usbd_cdc.o
LOAD build/z80ramm_cpu.o
LOAD build/z80ramm_gpio.o
LOAD build/z80ramm_tests.o
LOAD build/z80ramm.o
LOAD build/retarget.o
LOAD build/startup_stm32f103xb.o
LOAD c:/arm_tool/gcc/bin/../lib/gcc/arm-none-eabi/10.3.1/../../../../arm-none-eabi/lib/thumb/v7-m/nofp\libc_nano.a
LOAD c:/arm_tool/gcc/bin/../lib/gcc/arm-none-eabi/10.3.1/../../../../arm-none-eabi/lib/thumb/v7-m/nofp\libm.a
LOAD c:/arm_tool/gcc/bin/../lib/gcc/arm-none-eabi/10.3.1/../../../../arm-none-eabi/lib/thumb/v7-m/nofp\libnosys.a
START GROUP
LOAD c:/arm_tool/gcc/bin/../lib/gcc/arm-none-eabi/10.3.1/thumb/v7-m/nofp\libgcc.a
LOAD c:/arm_tool/gcc/bin/../lib/gcc/arm-none-eabi/10.3.1/../../../../arm-none-eabi/lib/thumb/v7-m/nofp\libc_nano.a
END GROUP
START GROUP
LOAD c:/arm_tool/gcc/bin/../lib/gcc/arm-none-eabi/10.3.1/thumb/v7-m/nofp\libgcc.a
LOAD c:/arm_tool/gcc/bin/../lib/gcc/arm-none-eabi/10.3.1/../../../../arm-none-eabi/lib/thumb/v7-m/nofp\libc_nano.a
END GROUP
LOAD c:/arm_tool/gcc/bin/../lib/gcc/arm-none-eabi/10.3.1/thumb/v7-m/nofp/crtend.o
LOAD c:/arm_tool/gcc/bin/../lib/gcc/arm-none-eabi/10.3.1/thumb/v7-m/nofp/crtn.o
                0x20005000                _estack = (ORIGIN (RAM) + LENGTH (RAM))
                0x00000400                _Min_Heap_Size = 0x400
                0x00000800                _Min_Stack_Size = 0x800

.isr_vector     0x08000000      0x10c
                0x08000000                . = ALIGN (0x4)
 *(.isr_vector)
 .isr_vector    0x08000000      0x10c build/startup_stm32f103xb.o
                0x08000000                g_pfnVectors
                0x0800010c                . = ALIGN (0x4)

.text           0x0800010c     0x59a0
                0x0800010c                . = ALIGN (0x4)
 *(.text)
 .text          0x0800010c       0x40 c:/arm_tool/gcc/bin/../lib/gcc/arm-none-eabi/10.3.1/thumb/v7-m/nofp/crtbegin.o
 *(.text*)
 .text.control  0x0800014c       0x78 build/main.o
                0x0800014c                control
 .text.Error_Handler
                0x080001c4        0x4 build/main.o
                0x080001c4                Error_Handler
 .text.SystemClock_Config
                0x080001c8       0xb0 build/main.o
                0x080001c8                SystemClock_Config
 .text.main     0x08000278       0x48 build/main.o
                0x08000278                main
 .text.MX_GPIO_Init
                0x080002c0       0xac build/gpio.o
                0x080002c0                MX_GPIO_Init
 .text.NMI_Handler
                0x0800036c        0x2 build/stm32f1xx_it.o
                0x0800036c                NMI_Handler
 .text.HardFault_Handler
                0x0800036e        0x2 build/stm32f1xx_it.o
                0x0800036e                HardFault_Handler
 .text.MemManage_Handler
                0x08000370        0x2 build/stm32f1xx_it.o
                0x08000370                MemManage_Handler
 .text.BusFault_Handler
                0x08000372        0x2 build/stm32f1xx_it.o
                0x08000372                BusFault_Handler
 .text.UsageFault_Handler
                0x08000374        0x2 build/stm32f1xx_it.o
                0x08000374                UsageFault_Handler
 .text.SVC_Handler
                0x08000376        0x2 build/stm32f1xx_it.o
                0x08000376                SVC_Handler
 .text.DebugMon_Handler
                0x08000378        0x2 build/stm32f1xx_it.o
                0x08000378                DebugMon_Handler
 .text.PendSV_Handler
                0x0800037a        0x2 build/stm32f1xx_it.o
                0x0800037a                PendSV_Handler
 .text.SysTick_Handler
                0x0800037c        0x8 build/stm32f1xx_it.o
                0x0800037c                SysTick_Handler
 .text.USB_LP_CAN1_RX0_IRQHandler
                0x08000384       0x10 build/stm32f1xx_it.o
                0x08000384                USB_LP_CAN1_RX0_IRQHandler
 .text.SystemInit
                0x08000394        0x2 build/system_stm32f1xx.o
                0x08000394                SystemInit
 .text.LL_GPIO_Init
                0x08000396       0xf6 build/stm32f1xx_ll_gpio.o
                0x08000396                LL_GPIO_Init
 .text.LL_SetSystemCoreClock
                0x0800048c        0xc build/stm32f1xx_ll_utils.o
                0x0800048c                LL_SetSystemCoreClock
 .text.HAL_MspInit
                0x08000498       0x44 build/stm32f1xx_hal_msp.o
                0x08000498                HAL_MspInit
 .text.HAL_InitTick
                0x080004dc       0x4c build/stm32f1xx_hal.o
                0x080004dc                HAL_InitTick
 .text.HAL_Init
                0x08000528       0x24 build/stm32f1xx_hal.o
                0x08000528                HAL_Init
 .text.HAL_IncTick
                0x0800054c       0x18 build/stm32f1xx_hal.o
                0x0800054c                HAL_IncTick
 .text.HAL_GetTick
                0x08000564        0xc build/stm32f1xx_hal.o
                0x08000564                HAL_GetTick
 .text.HAL_Delay
                0x08000570       0x28 build/stm32f1xx_hal.o
                0x08000570                HAL_Delay
 .text.HAL_NVIC_SetPriorityGrouping
                0x08000598       0x24 build/stm32f1xx_hal_cortex.o
                0x08000598                HAL_NVIC_SetPriorityGrouping
 .text.HAL_NVIC_SetPriority
                0x080005bc       0x68 build/stm32f1xx_hal_cortex.o
                0x080005bc                HAL_NVIC_SetPriority
 .text.HAL_NVIC_EnableIRQ
                0x08000624       0x1c build/stm32f1xx_hal_cortex.o
                0x08000624                HAL_NVIC_EnableIRQ
 .text.HAL_SYSTICK_Config
                0x08000640       0x2c build/stm32f1xx_hal_cortex.o
                0x08000640                HAL_SYSTICK_Config
 .text.MX_USB_DEVICE_Init
                0x0800066c       0x54 build/usb_device.o
                0x0800066c                MX_USB_DEVICE_Init
 .text.USBD_FS_DeviceDescriptor
                0x080006c0        0xc build/usbd_desc.o
                0x080006c0                USBD_FS_DeviceDescriptor
 .text.USBD_FS_LangIDStrDescriptor
                0x080006cc        0xc build/usbd_desc.o
                0x080006cc                USBD_FS_LangIDStrDescriptor
 .text.IntToUnicode
                0x080006d8       0x36 build/usbd_desc.o
 *fill*         0x0800070e        0x2 
 .text.Get_SerialNum
                0x08000710       0x34 build/usbd_desc.o
 .text.USBD_FS_SerialStrDescriptor
                0x08000744       0x14 build/usbd_desc.o
                0x08000744                USBD_FS_SerialStrDescriptor
 .text.USBD_FS_ProductStrDescriptor
                0x08000758       0x24 build/usbd_desc.o
                0x08000758                USBD_FS_ProductStrDescriptor
 .text.USBD_FS_ManufacturerStrDescriptor
                0x0800077c       0x1c build/usbd_desc.o
                0x0800077c                USBD_FS_ManufacturerStrDescriptor
 .text.USBD_FS_ConfigStrDescriptor
                0x08000798       0x24 build/usbd_desc.o
                0x08000798                USBD_FS_ConfigStrDescriptor
 .text.USBD_FS_InterfaceStrDescriptor
                0x080007bc       0x24 build/usbd_desc.o
                0x080007bc                USBD_FS_InterfaceStrDescriptor
 .text.USBD_Get_USB_Status
                0x080007e0       0x18 build/usbd_conf.o
 .text.HAL_PCD_MspInit
                0x080007f8       0x40 build/usbd_conf.o
                0x080007f8                HAL_PCD_MspInit
 .text.HAL_PCD_SetupStageCallback
                0x08000838       0x10 build/usbd_conf.o
                0x08000838                HAL_PCD_SetupStageCallback
 .text.HAL_PCD_DataOutStageCallback
                0x08000848       0x18 build/usbd_conf.o
                0x08000848                HAL_PCD_DataOutStageCallback
 .text.HAL_PCD_DataInStageCallback
                0x08000860       0x16 build/usbd_conf.o
                0x08000860                HAL_PCD_DataInStageCallback
 .text.HAL_PCD_SOFCallback
                0x08000876        0xc build/usbd_conf.o
                0x08000876                HAL_PCD_SOFCallback
 .text.HAL_PCD_ResetCallback
                0x08000882       0x24 build/usbd_conf.o
                0x08000882                HAL_PCD_ResetCallback
 *fill*         0x080008a6        0x2 
 .text.HAL_PCD_SuspendCallback
                0x080008a8       0x20 build/usbd_conf.o
                0x080008a8                HAL_PCD_SuspendCallback
 .text.HAL_PCD_ResumeCallback
                0x080008c8        0xc build/usbd_conf.o
                0x080008c8                HAL_PCD_ResumeCallback
 .text.USBD_LL_Init
                0x080008d4       0x84 build/usbd_conf.o
                0x080008d4                USBD_LL_Init
 .text.USBD_LL_Start
                0x08000958       0x10 build/usbd_conf.o
                0x08000958                USBD_LL_Start
 .text.USBD_LL_OpenEP
                0x08000968       0x16 build/usbd_conf.o
                0x08000968                USBD_LL_OpenEP
 .text.USBD_LL_CloseEP
                0x0800097e       0x10 build/usbd_conf.o
                0x0800097e                USBD_LL_CloseEP
 .text.USBD_LL_StallEP
                0x0800098e       0x10 build/usbd_conf.o
                0x0800098e                USBD_LL_StallEP
 .text.USBD_LL_ClearStallEP
                0x0800099e       0x10 build/usbd_conf.o
                0x0800099e                USBD_LL_ClearStallEP
 .text.USBD_LL_IsStallEP
                0x080009ae       0x2e build/usbd_conf.o
                0x080009ae                USBD_LL_IsStallEP
 .text.USBD_LL_SetUSBAddress
                0x080009dc       0x10 build/usbd_conf.o
                0x080009dc                USBD_LL_SetUSBAddress
 .text.USBD_LL_Transmit
                0x080009ec       0x10 build/usbd_conf.o
                0x080009ec                USBD_LL_Transmit
 .text.USBD_LL_PrepareReceive
                0x080009fc       0x10 build/usbd_conf.o
                0x080009fc                USBD_LL_PrepareReceive
 .text.USBD_LL_GetRxDataSize
                0x08000a0c        0xc build/usbd_conf.o
                0x08000a0c                USBD_LL_GetRxDataSize
 .text.USBD_static_malloc
                0x08000a18        0x8 build/usbd_conf.o
                0x08000a18                USBD_static_malloc
 .text.USBD_static_free
                0x08000a20        0x2 build/usbd_conf.o
                0x08000a20                USBD_static_free
 .text.HAL_PCDEx_SetConnectionState
                0x08000a22        0x2 build/usbd_conf.o
                0x08000a22                HAL_PCDEx_SetConnectionState
 .text.HAL_PCD_EP_DB_Receive
                0x08000a24      0x112 build/stm32f1xx_hal_pcd.o
 .text.HAL_PCD_Init
                0x08000b36      0x100 build/stm32f1xx_hal_pcd.o
                0x08000b36                HAL_PCD_Init
 .text.HAL_PCD_Start
                0x08000c36       0x32 build/stm32f1xx_hal_pcd.o
                0x08000c36                HAL_PCD_Start
 .text.HAL_PCD_EP_DB_Transmit
                0x08000c68      0x3d8 build/stm32f1xx_hal_pcd.o
 .text.PCD_EP_ISR_Handler
                0x08001040      0x500 build/stm32f1xx_hal_pcd.o
 .text.HAL_PCD_SetAddress
                0x08001540       0x28 build/stm32f1xx_hal_pcd.o
                0x08001540                HAL_PCD_SetAddress
 .text.HAL_PCD_IRQHandler
                0x08001568      0x1aa build/stm32f1xx_hal_pcd.o
                0x08001568                HAL_PCD_IRQHandler
 .text.HAL_PCD_EP_Open
                0x08001712       0x6e build/stm32f1xx_hal_pcd.o
                0x08001712                HAL_PCD_EP_Open
 .text.HAL_PCD_EP_Close
                0x08001780       0x62 build/stm32f1xx_hal_pcd.o
                0x08001780                HAL_PCD_EP_Close
 .text.HAL_PCD_EP_Receive
                0x080017e2       0x36 build/stm32f1xx_hal_pcd.o
                0x080017e2                HAL_PCD_EP_Receive
 .text.HAL_PCD_EP_GetRxCount
                0x08001818       0x12 build/stm32f1xx_hal_pcd.o
                0x08001818                HAL_PCD_EP_GetRxCount
 .text.HAL_PCD_EP_Transmit
                0x0800182a       0x40 build/stm32f1xx_hal_pcd.o
                0x0800182a                HAL_PCD_EP_Transmit
 .text.HAL_PCD_EP_SetStall
                0x0800186a       0x76 build/stm32f1xx_hal_pcd.o
                0x0800186a                HAL_PCD_EP_SetStall
 .text.HAL_PCD_EP_ClrStall
                0x080018e0       0x74 build/stm32f1xx_hal_pcd.o
                0x080018e0                HAL_PCD_EP_ClrStall
 .text.HAL_PCDEx_PMAConfig
                0x08001954       0x3c build/stm32f1xx_hal_pcd_ex.o
                0x08001954                HAL_PCDEx_PMAConfig
 .text.USB_CoreInit
                0x08001990        0xe build/stm32f1xx_ll_usb.o
                0x08001990                USB_CoreInit
 .text.USB_EnableGlobalInt
                0x0800199e       0x12 build/stm32f1xx_ll_usb.o
                0x0800199e                USB_EnableGlobalInt
 .text.USB_DisableGlobalInt
                0x080019b0       0x14 build/stm32f1xx_ll_usb.o
                0x080019b0                USB_DisableGlobalInt
 .text.USB_SetCurrentMode
                0x080019c4        0x4 build/stm32f1xx_ll_usb.o
                0x080019c4                USB_SetCurrentMode
 .text.USB_DevInit
                0x080019c8       0x26 build/stm32f1xx_ll_usb.o
                0x080019c8                USB_DevInit
 .text.USB_ActivateEndpoint
                0x080019ee      0x37c build/stm32f1xx_ll_usb.o
                0x080019ee                USB_ActivateEndpoint
 .text.USB_DeactivateEndpoint
                0x08001d6a      0x1d4 build/stm32f1xx_ll_usb.o
                0x08001d6a                USB_DeactivateEndpoint
 .text.USB_EPSetStall
                0x08001f3e       0x4a build/stm32f1xx_ll_usb.o
                0x08001f3e                USB_EPSetStall
 .text.USB_EPClearStall
                0x08001f88       0xa2 build/stm32f1xx_ll_usb.o
                0x08001f88                USB_EPClearStall
 .text.USB_SetDevAddress
                0x0800202a        0xc build/stm32f1xx_ll_usb.o
                0x0800202a                USB_SetDevAddress
 .text.USB_DevConnect
                0x08002036        0x4 build/stm32f1xx_ll_usb.o
                0x08002036                USB_DevConnect
 .text.USB_DevDisconnect
                0x0800203a        0x4 build/stm32f1xx_ll_usb.o
                0x0800203a                USB_DevDisconnect
 .text.USB_ReadInterrupts
                0x0800203e        0x6 build/stm32f1xx_ll_usb.o
                0x0800203e                USB_ReadInterrupts
 .text.USB_EP0_OutStart
                0x08002044        0x4 build/stm32f1xx_ll_usb.o
                0x08002044                USB_EP0_OutStart
 .text.USB_WritePMA
                0x08002048       0x2a build/stm32f1xx_ll_usb.o
                0x08002048                USB_WritePMA
 .text.USB_EPStartXfer
                0x08002072      0x730 build/stm32f1xx_ll_usb.o
                0x08002072                USB_EPStartXfer
 .text.USB_ReadPMA
                0x080027a2       0x2e build/stm32f1xx_ll_usb.o
                0x080027a2                USB_ReadPMA
 .text.USBD_Init
                0x080027d0       0x2e build/usbd_core.o
                0x080027d0                USBD_Init
 .text.USBD_RegisterClass
                0x080027fe        0xe build/usbd_core.o
                0x080027fe                USBD_RegisterClass
 .text.USBD_Start
                0x0800280c        0xa build/usbd_core.o
                0x0800280c                USBD_Start
 .text.USBD_SetClassConfig
                0x08002816       0x1a build/usbd_core.o
                0x08002816                USBD_SetClassConfig
 .text.USBD_ClrClassConfig
                0x08002830        0xe build/usbd_core.o
                0x08002830                USBD_ClrClassConfig
 .text.USBD_LL_SetupStage
                0x0800283e       0x5c build/usbd_core.o
                0x0800283e                USBD_LL_SetupStage
 .text.USBD_LL_DataOutStage
                0x0800289a       0x94 build/usbd_core.o
                0x0800289a                USBD_LL_DataOutStage
 .text.USBD_LL_DataInStage
                0x0800292e       0xd4 build/usbd_core.o
                0x0800292e                USBD_LL_DataInStage
 .text.USBD_LL_Reset
                0x08002a02       0x50 build/usbd_core.o
                0x08002a02                USBD_LL_Reset
 .text.USBD_LL_SetSpeed
                0x08002a52        0x6 build/usbd_core.o
                0x08002a52                USBD_LL_SetSpeed
 .text.USBD_LL_Suspend
                0x08002a58       0x12 build/usbd_core.o
                0x08002a58                USBD_LL_Suspend
 .text.USBD_LL_Resume
                0x08002a6a       0x16 build/usbd_core.o
                0x08002a6a                USBD_LL_Resume
 .text.USBD_LL_SOF
                0x08002a80       0x1c build/usbd_core.o
                0x08002a80                USBD_LL_SOF
 .text.USBD_GetLen
                0x08002a9c       0x12 build/usbd_ctlreq.o
 .text.USBD_SetFeature
                0x08002aae       0x14 build/usbd_ctlreq.o
 .text.USBD_ParseSetupRequest
                0x08002ac2       0x28 build/usbd_ctlreq.o
                0x08002ac2                USBD_ParseSetupRequest
 .text.USBD_CtlError
                0x08002aea       0x14 build/usbd_ctlreq.o
                0x08002aea                USBD_CtlError
 .text.USBD_GetDescriptor
                0x08002afe      0x186 build/usbd_ctlreq.o
 .text.USBD_SetAddress
                0x08002c84       0x4e build/usbd_ctlreq.o
 *fill*         0x08002cd2        0x2 
 .text.USBD_SetConfig
                0x08002cd4       0xb0 build/usbd_ctlreq.o
 .text.USBD_GetConfig
                0x08002d84       0x3e build/usbd_ctlreq.o
 .text.USBD_GetStatus
                0x08002dc2       0x38 build/usbd_ctlreq.o
 .text.USBD_ClrFeature
                0x08002dfa       0x26 build/usbd_ctlreq.o
 .text.USBD_StdDevReq
                0x08002e20       0x68 build/usbd_ctlreq.o
                0x08002e20                USBD_StdDevReq
 .text.USBD_StdItfReq
                0x08002e88       0x60 build/usbd_ctlreq.o
                0x08002e88                USBD_StdItfReq
 .text.USBD_StdEPReq
                0x08002ee8      0x210 build/usbd_ctlreq.o
                0x08002ee8                USBD_StdEPReq
 .text.USBD_GetString
                0x080030f8       0x36 build/usbd_ctlreq.o
                0x080030f8                USBD_GetString
 .text.USBD_CtlSendData
                0x0800312e       0x1a build/usbd_ioreq.o
                0x0800312e                USBD_CtlSendData
 .text.USBD_CtlContinueSendData
                0x08003148       0x10 build/usbd_ioreq.o
                0x08003148                USBD_CtlContinueSendData
 .text.USBD_CtlPrepareRx
                0x08003158       0x1e build/usbd_ioreq.o
                0x08003158                USBD_CtlPrepareRx
 .text.USBD_CtlContinueRx
                0x08003176       0x10 build/usbd_ioreq.o
                0x08003176                USBD_CtlContinueRx
 .text.USBD_CtlSendStatus
                0x08003186       0x16 build/usbd_ioreq.o
                0x08003186                USBD_CtlSendStatus
 .text.USBD_CtlReceiveStatus
                0x0800319c       0x16 build/usbd_ioreq.o
                0x0800319c                USBD_CtlReceiveStatus
 .text.CDC_DeInit_FS
                0x080031b2        0x4 build/usbd_cdc_if.o
 .text.CDC_Control_FS
                0x080031b6        0x4 build/usbd_cdc_if.o
 *fill*         0x080031ba        0x2 
 .text.CDC_Receive_FS
                0x080031bc       0x28 build/usbd_cdc_if.o
 .text.CDC_Init_FS
                0x080031e4       0x28 build/usbd_cdc_if.o
 .text.CDC_Transmit_FS
                0x0800320c       0x2c build/usbd_cdc_if.o
                0x0800320c                CDC_Transmit_FS
 .text.USBD_CDC_EP0_RxReady
                0x08003238       0x28 build/usbd_cdc.o
 .text.USBD_CDC_GetFSCfgDesc
                0x08003260        0xc build/usbd_cdc.o
 .text.USBD_CDC_GetHSCfgDesc
                0x0800326c        0xc build/usbd_cdc.o
 .text.USBD_CDC_GetOtherSpeedCfgDesc
                0x08003278        0xc build/usbd_cdc.o
 .text.USBD_CDC_GetDeviceQualifierDescriptor
                0x08003284        0xc build/usbd_cdc.o
                0x08003284                USBD_CDC_GetDeviceQualifierDescriptor
 .text.USBD_CDC_DataOut
                0x08003290       0x2e build/usbd_cdc.o
 .text.USBD_CDC_DataIn
                0x080032be       0x4e build/usbd_cdc.o
 .text.USBD_CDC_Setup
                0x0800330c       0xda build/usbd_cdc.o
 .text.USBD_CDC_DeInit
                0x080033e6       0x42 build/usbd_cdc.o
 .text.USBD_CDC_Init
                0x08003428       0xaa build/usbd_cdc.o
 .text.USBD_CDC_RegisterInterface
                0x080034d2        0xe build/usbd_cdc.o
                0x080034d2                USBD_CDC_RegisterInterface
 .text.USBD_CDC_SetTxBuffer
                0x080034e0       0x10 build/usbd_cdc.o
                0x080034e0                USBD_CDC_SetTxBuffer
 .text.USBD_CDC_SetRxBuffer
                0x080034f0        0xc build/usbd_cdc.o
                0x080034f0                USBD_CDC_SetRxBuffer
 .text.USBD_CDC_TransmitPacket
                0x080034fc       0x34 build/usbd_cdc.o
                0x080034fc                USBD_CDC_TransmitPacket
 .text.USBD_CDC_ReceivePacket
                0x08003530       0x30 build/usbd_cdc.o
                0x08003530                USBD_CDC_ReceivePacket
 .text.z80ramm_suspend_cpu
                0x08003560       0xd8 build/z80ramm_cpu.o
                0x08003560                z80ramm_suspend_cpu
 .text.z80ramm_resume_cpu
                0x08003638       0x70 build/z80ramm_cpu.o
                0x08003638                z80ramm_resume_cpu
 .text.z80_reset
                0x080036a8       0x34 build/z80ramm_cpu.o
                0x080036a8                z80_reset
 .text.z80ramm_adr_pins2output
                0x080036dc      0x60c build/z80ramm_gpio.o
                0x080036dc                z80ramm_adr_pins2output
 .text.z80ramm_adr_pins2input
                0x08003ce8      0x284 build/z80ramm_gpio.o
                0x08003ce8                z80ramm_adr_pins2input
 .text.z80ramm_data_pins2input
                0x08003f6c      0x140 build/z80ramm_gpio.o
                0x08003f6c                z80ramm_data_pins2input
 .text.z80ramm_data_pins2output
                0x080040ac      0x380 build/z80ramm_gpio.o
                0x080040ac                z80ramm_data_pins2output
 .text.z80ramm_ctrl_pins2input
                0x0800442c       0x9c build/z80ramm_gpio.o
                0x0800442c                z80ramm_ctrl_pins2input
 .text.z80ramm_ctrl_pins2output
                0x080044c8      0x144 build/z80ramm_gpio.o
                0x080044c8                z80ramm_ctrl_pins2output
 .text.z80ramm_test
                0x0800460c       0xc0 build/z80ramm_tests.o
                0x0800460c                z80ramm_test
 .text.mem_read_test
                0x080046cc       0x60 build/z80ramm_tests.o
                0x080046cc                mem_read_test
 .text.mem_write_test
                0x0800472c       0x64 build/z80ramm_tests.o
                0x0800472c                mem_write_test
 .text.mem_erase_test
                0x08004790       0x58 build/z80ramm_tests.o
                0x08004790                mem_erase_test
 .text.z80ramm_write
                0x080047e8       0x90 build/z80ramm.o
                0x080047e8                z80ramm_write
 .text.z80ramm_read
                0x08004878       0x74 build/z80ramm.o
                0x08004878                z80ramm_read
 .text.z80ram_block_read
                0x080048ec       0x24 build/z80ramm.o
                0x080048ec                z80ram_block_read
 .text.printf_flush
                0x08004910       0x2c build/retarget.o
                0x08004910                printf_flush
 .text._write   0x0800493c       0x34 build/retarget.o
                0x0800493c                _write
 .text.Reset_Handler
                0x08004970       0x48 build/startup_stm32f103xb.o
                0x08004970                Reset_Handler
 .text.Default_Handler
                0x080049b8        0x2 build/startup_stm32f103xb.o
                0x080049b8                RTC_Alarm_IRQHandler
                0x080049b8                EXTI2_IRQHandler
                0x080049b8                TIM1_CC_IRQHandler
                0x080049b8                PVD_IRQHandler
                0x080049b8                EXTI3_IRQHandler
                0x080049b8                EXTI0_IRQHandler
                0x080049b8                I2C2_EV_IRQHandler
                0x080049b8                ADC1_2_IRQHandler
                0x080049b8                SPI1_IRQHandler
                0x080049b8                TAMPER_IRQHandler
                0x080049b8                DMA1_Channel4_IRQHandler
                0x080049b8                USART3_IRQHandler
                0x080049b8                RTC_IRQHandler
                0x080049b8                DMA1_Channel7_IRQHandler
                0x080049b8                CAN1_RX1_IRQHandler
                0x080049b8                TIM4_IRQHandler
                0x080049b8                I2C1_EV_IRQHandler
                0x080049b8                DMA1_Channel6_IRQHandler
                0x080049b8                TIM3_IRQHandler
                0x080049b8                RCC_IRQHandler
                0x080049b8                TIM1_TRG_COM_IRQHandler
                0x080049b8                DMA1_Channel1_IRQHandler
                0x080049b8                Default_Handler
                0x080049b8                EXTI15_10_IRQHandler
                0x080049b8                EXTI9_5_IRQHandler
                0x080049b8                SPI2_IRQHandler
                0x080049b8                DMA1_Channel5_IRQHandler
                0x080049b8                EXTI4_IRQHandler
                0x080049b8                USB_HP_CAN1_TX_IRQHandler
                0x080049b8                DMA1_Channel3_IRQHandler
                0x080049b8                TIM1_UP_IRQHandler
                0x080049b8                WWDG_IRQHandler
                0x080049b8                TIM2_IRQHandler
                0x080049b8                TIM1_BRK_IRQHandler
                0x080049b8                EXTI1_IRQHandler
                0x080049b8                USART2_IRQHandler
                0x080049b8                I2C2_ER_IRQHandler
                0x080049b8                DMA1_Channel2_IRQHandler
                0x080049b8                CAN1_SCE_IRQHandler
                0x080049b8                FLASH_IRQHandler
                0x080049b8                USART1_IRQHandler
                0x080049b8                I2C1_ER_IRQHandler
                0x080049b8                USBWakeUp_IRQHandler
 *fill*         0x080049ba        0x2 
 .text.__libc_init_array
                0x080049bc       0x48 c:/arm_tool/gcc/bin/../lib/gcc/arm-none-eabi/10.3.1/../../../../arm-none-eabi/lib/thumb/v7-m/nofp\libc_nano.a(lib_a-init.o)
                0x080049bc                __libc_init_array
 .text.memset   0x08004a04       0x10 c:/arm_tool/gcc/bin/../lib/gcc/arm-none-eabi/10.3.1/../../../../arm-none-eabi/lib/thumb/v7-m/nofp\libc_nano.a(lib_a-memset.o)
                0x08004a04                memset
 .text.printf   0x08004a14       0x30 c:/arm_tool/gcc/bin/../lib/gcc/arm-none-eabi/10.3.1/../../../../arm-none-eabi/lib/thumb/v7-m/nofp\libc_nano.a(lib_a-printf.o)
                0x08004a14                iprintf
                0x08004a14                printf
 .text._puts_r  0x08004a44       0xdc c:/arm_tool/gcc/bin/../lib/gcc/arm-none-eabi/10.3.1/../../../../arm-none-eabi/lib/thumb/v7-m/nofp\libc_nano.a(lib_a-puts.o)
                0x08004a44                _puts_r
 .text.puts     0x08004b20       0x10 c:/arm_tool/gcc/bin/../lib/gcc/arm-none-eabi/10.3.1/../../../../arm-none-eabi/lib/thumb/v7-m/nofp\libc_nano.a(lib_a-puts.o)
                0x08004b20                puts
 .text.__swbuf_r
                0x08004b30       0xa4 c:/arm_tool/gcc/bin/../lib/gcc/arm-none-eabi/10.3.1/../../../../arm-none-eabi/lib/thumb/v7-m/nofp\libc_nano.a(lib_a-wbuf.o)
                0x08004b30                __swbuf_r
 .text.__swsetup_r
                0x08004bd4       0xdc c:/arm_tool/gcc/bin/../lib/gcc/arm-none-eabi/10.3.1/../../../../arm-none-eabi/lib/thumb/v7-m/nofp\libc_nano.a(lib_a-wsetup.o)
                0x08004bd4                __swsetup_r
 .text.__sflush_r
                0x08004cb0      0x104 c:/arm_tool/gcc/bin/../lib/gcc/arm-none-eabi/10.3.1/../../../../arm-none-eabi/lib/thumb/v7-m/nofp\libc_nano.a(lib_a-fflush.o)
                0x08004cb0                __sflush_r
 .text._fflush_r
                0x08004db4       0x78 c:/arm_tool/gcc/bin/../lib/gcc/arm-none-eabi/10.3.1/../../../../arm-none-eabi/lib/thumb/v7-m/nofp\libc_nano.a(lib_a-fflush.o)
                0x08004db4                _fflush_r
 .text.std      0x08004e2c       0x48 c:/arm_tool/gcc/bin/../lib/gcc/arm-none-eabi/10.3.1/../../../../arm-none-eabi/lib/thumb/v7-m/nofp\libc_nano.a(lib_a-findfp.o)
 .text._cleanup_r
                0x08004e74        0xc c:/arm_tool/gcc/bin/../lib/gcc/arm-none-eabi/10.3.1/../../../../arm-none-eabi/lib/thumb/v7-m/nofp\libc_nano.a(lib_a-findfp.o)
                0x08004e74                _cleanup_r
 .text.__sfmoreglue
                0x08004e80       0x2c c:/arm_tool/gcc/bin/../lib/gcc/arm-none-eabi/10.3.1/../../../../arm-none-eabi/lib/thumb/v7-m/nofp\libc_nano.a(lib_a-findfp.o)
                0x08004e80                __sfmoreglue
 .text.__sfp_lock_acquire
                0x08004eac        0xc c:/arm_tool/gcc/bin/../lib/gcc/arm-none-eabi/10.3.1/../../../../arm-none-eabi/lib/thumb/v7-m/nofp\libc_nano.a(lib_a-findfp.o)
                0x08004eac                __sfp_lock_acquire
 .text.__sfp_lock_release
                0x08004eb8        0xc c:/arm_tool/gcc/bin/../lib/gcc/arm-none-eabi/10.3.1/../../../../arm-none-eabi/lib/thumb/v7-m/nofp\libc_nano.a(lib_a-findfp.o)
                0x08004eb8                __sfp_lock_release
 .text.__sinit_lock_acquire
                0x08004ec4        0xc c:/arm_tool/gcc/bin/../lib/gcc/arm-none-eabi/10.3.1/../../../../arm-none-eabi/lib/thumb/v7-m/nofp\libc_nano.a(lib_a-findfp.o)
                0x08004ec4                __sinit_lock_acquire
 .text.__sinit_lock_release
                0x08004ed0        0xc c:/arm_tool/gcc/bin/../lib/gcc/arm-none-eabi/10.3.1/../../../../arm-none-eabi/lib/thumb/v7-m/nofp\libc_nano.a(lib_a-findfp.o)
                0x08004ed0                __sinit_lock_release
 .text.__sinit  0x08004edc       0x70 c:/arm_tool/gcc/bin/../lib/gcc/arm-none-eabi/10.3.1/../../../../arm-none-eabi/lib/thumb/v7-m/nofp\libc_nano.a(lib_a-findfp.o)
                0x08004edc                __sinit
 .text.__sfp    0x08004f4c       0x8c c:/arm_tool/gcc/bin/../lib/gcc/arm-none-eabi/10.3.1/../../../../arm-none-eabi/lib/thumb/v7-m/nofp\libc_nano.a(lib_a-findfp.o)
                0x08004f4c                __sfp
 .text._fwalk_reent
                0x08004fd8       0x3e c:/arm_tool/gcc/bin/../lib/gcc/arm-none-eabi/10.3.1/../../../../arm-none-eabi/lib/thumb/v7-m/nofp\libc_nano.a(lib_a-fwalk.o)
                0x08004fd8                _fwalk_reent
 .text.__retarget_lock_init_recursive
                0x08005016        0x2 c:/arm_tool/gcc/bin/../lib/gcc/arm-none-eabi/10.3.1/../../../../arm-none-eabi/lib/thumb/v7-m/nofp\libc_nano.a(lib_a-lock.o)
                0x08005016                __retarget_lock_init_recursive
 .text.__retarget_lock_acquire_recursive
                0x08005018        0x2 c:/arm_tool/gcc/bin/../lib/gcc/arm-none-eabi/10.3.1/../../../../arm-none-eabi/lib/thumb/v7-m/nofp\libc_nano.a(lib_a-lock.o)
                0x08005018                __retarget_lock_acquire_recursive
 .text.__retarget_lock_release_recursive
                0x0800501a        0x2 c:/arm_tool/gcc/bin/../lib/gcc/arm-none-eabi/10.3.1/../../../../arm-none-eabi/lib/thumb/v7-m/nofp\libc_nano.a(lib_a-lock.o)
                0x0800501a                __retarget_lock_release_recursive
 .text.__swhatbuf_r
                0x0800501c       0x4a c:/arm_tool/gcc/bin/../lib/gcc/arm-none-eabi/10.3.1/../../../../arm-none-eabi/lib/thumb/v7-m/nofp\libc_nano.a(lib_a-makebuf.o)
                0x0800501c                __swhatbuf_r
 *fill*         0x08005066        0x2 
 .text.__smakebuf_r
                0x08005068       0x80 c:/arm_tool/gcc/bin/../lib/gcc/arm-none-eabi/10.3.1/../../../../arm-none-eabi/lib/thumb/v7-m/nofp\libc_nano.a(lib_a-makebuf.o)
                0x08005068                __smakebuf_r
 .text._free_r  0x080050e8       0x90 c:/arm_tool/gcc/bin/../lib/gcc/arm-none-eabi/10.3.1/../../../../arm-none-eabi/lib/thumb/v7-m/nofp\libc_nano.a(lib_a-nano-freer.o)
                0x080050e8                _free_r
 .text.sbrk_aligned
                0x08005178       0x40 c:/arm_tool/gcc/bin/../lib/gcc/arm-none-eabi/10.3.1/../../../../arm-none-eabi/lib/thumb/v7-m/nofp\libc_nano.a(lib_a-nano-mallocr.o)
 .text._malloc_r
                0x080051b8       0xe8 c:/arm_tool/gcc/bin/../lib/gcc/arm-none-eabi/10.3.1/../../../../arm-none-eabi/lib/thumb/v7-m/nofp\libc_nano.a(lib_a-nano-mallocr.o)
                0x080051b8                _malloc_r
 .text.__sfputc_r
                0x080052a0       0x2a c:/arm_tool/gcc/bin/../lib/gcc/arm-none-eabi/10.3.1/../../../../arm-none-eabi/lib/thumb/v7-m/nofp\libc_nano.a(lib_a-nano-vfprintf.o)
 .text.__sfputs_r
                0x080052ca       0x24 c:/arm_tool/gcc/bin/../lib/gcc/arm-none-eabi/10.3.1/../../../../arm-none-eabi/lib/thumb/v7-m/nofp\libc_nano.a(lib_a-nano-vfprintf.o)
                0x080052ca                __sfputs_r
 *fill*         0x080052ee        0x2 
 .text._vfprintf_r
                0x080052f0      0x260 c:/arm_tool/gcc/bin/../lib/gcc/arm-none-eabi/10.3.1/../../../../arm-none-eabi/lib/thumb/v7-m/nofp\libc_nano.a(lib_a-nano-vfprintf.o)
                0x080052f0                _vfprintf_r
                0x080052f0                _vfiprintf_r
 .text._printf_common
                0x08005550       0xde c:/arm_tool/gcc/bin/../lib/gcc/arm-none-eabi/10.3.1/../../../../arm-none-eabi/lib/thumb/v7-m/nofp\libc_nano.a(lib_a-nano-vfprintf_i.o)
                0x08005550                _printf_common
 *fill*         0x0800562e        0x2 
 .text._printf_i
                0x08005630      0x24c c:/arm_tool/gcc/bin/../lib/gcc/arm-none-eabi/10.3.1/../../../../arm-none-eabi/lib/thumb/v7-m/nofp\libc_nano.a(lib_a-nano-vfprintf_i.o)
                0x08005630                _printf_i
 .text._sbrk_r  0x0800587c       0x20 c:/arm_tool/gcc/bin/../lib/gcc/arm-none-eabi/10.3.1/../../../../arm-none-eabi/lib/thumb/v7-m/nofp\libc_nano.a(lib_a-sbrkr.o)
                0x0800587c                _sbrk_r
 .text.__sread  0x0800589c       0x22 c:/arm_tool/gcc/bin/../lib/gcc/arm-none-eabi/10.3.1/../../../../arm-none-eabi/lib/thumb/v7-m/nofp\libc_nano.a(lib_a-stdio.o)
                0x0800589c                __sread
 .text.__swrite
                0x080058be       0x38 c:/arm_tool/gcc/bin/../lib/gcc/arm-none-eabi/10.3.1/../../../../arm-none-eabi/lib/thumb/v7-m/nofp\libc_nano.a(lib_a-stdio.o)
                0x080058be                __swrite
 .text.__sseek  0x080058f6       0x24 c:/arm_tool/gcc/bin/../lib/gcc/arm-none-eabi/10.3.1/../../../../arm-none-eabi/lib/thumb/v7-m/nofp\libc_nano.a(lib_a-stdio.o)
                0x080058f6                __sseek
 .text.__sclose
                0x0800591a        0x8 c:/arm_tool/gcc/bin/../lib/gcc/arm-none-eabi/10.3.1/../../../../arm-none-eabi/lib/thumb/v7-m/nofp\libc_nano.a(lib_a-stdio.o)
                0x0800591a                __sclose
 *fill*         0x08005922        0x2 
 .text._write_r
                0x08005924       0x24 c:/arm_tool/gcc/bin/../lib/gcc/arm-none-eabi/10.3.1/../../../../arm-none-eabi/lib/thumb/v7-m/nofp\libc_nano.a(lib_a-writer.o)
                0x08005924                _write_r
 .text._close_r
                0x08005948       0x20 c:/arm_tool/gcc/bin/../lib/gcc/arm-none-eabi/10.3.1/../../../../arm-none-eabi/lib/thumb/v7-m/nofp\libc_nano.a(lib_a-closer.o)
                0x08005948                _close_r
 .text._fstat_r
                0x08005968       0x24 c:/arm_tool/gcc/bin/../lib/gcc/arm-none-eabi/10.3.1/../../../../arm-none-eabi/lib/thumb/v7-m/nofp\libc_nano.a(lib_a-fstatr.o)
                0x08005968                _fstat_r
 .text._isatty_r
                0x0800598c       0x20 c:/arm_tool/gcc/bin/../lib/gcc/arm-none-eabi/10.3.1/../../../../arm-none-eabi/lib/thumb/v7-m/nofp\libc_nano.a(lib_a-isattyr.o)
                0x0800598c                _isatty_r
 .text._lseek_r
                0x080059ac       0x24 c:/arm_tool/gcc/bin/../lib/gcc/arm-none-eabi/10.3.1/../../../../arm-none-eabi/lib/thumb/v7-m/nofp\libc_nano.a(lib_a-lseekr.o)
                0x080059ac                _lseek_r
 .text.memchr   0x080059d0       0x1c c:/arm_tool/gcc/bin/../lib/gcc/arm-none-eabi/10.3.1/../../../../arm-none-eabi/lib/thumb/v7-m/nofp\libc_nano.a(lib_a-memchr-stub.o)
                0x080059d0                memchr
 .text.__malloc_lock
                0x080059ec        0xc c:/arm_tool/gcc/bin/../lib/gcc/arm-none-eabi/10.3.1/../../../../arm-none-eabi/lib/thumb/v7-m/nofp\libc_nano.a(lib_a-mlock.o)
                0x080059ec                __malloc_lock
 .text.__malloc_unlock
                0x080059f8        0xc c:/arm_tool/gcc/bin/../lib/gcc/arm-none-eabi/10.3.1/../../../../arm-none-eabi/lib/thumb/v7-m/nofp\libc_nano.a(lib_a-mlock.o)
                0x080059f8                __malloc_unlock
 .text._read_r  0x08005a04       0x24 c:/arm_tool/gcc/bin/../lib/gcc/arm-none-eabi/10.3.1/../../../../arm-none-eabi/lib/thumb/v7-m/nofp\libc_nano.a(lib_a-readr.o)
                0x08005a04                _read_r
 .text._close   0x08005a28       0x10 c:/arm_tool/gcc/bin/../lib/gcc/arm-none-eabi/10.3.1/../../../../arm-none-eabi/lib/thumb/v7-m/nofp\libnosys.a(close.o)
                0x08005a28                _close
 .text._fstat   0x08005a38       0x10 c:/arm_tool/gcc/bin/../lib/gcc/arm-none-eabi/10.3.1/../../../../arm-none-eabi/lib/thumb/v7-m/nofp\libnosys.a(fstat.o)
                0x08005a38                _fstat
 .text._isatty  0x08005a48       0x10 c:/arm_tool/gcc/bin/../lib/gcc/arm-none-eabi/10.3.1/../../../../arm-none-eabi/lib/thumb/v7-m/nofp\libnosys.a(isatty.o)
                0x08005a48                _isatty
 .text._lseek   0x08005a58       0x10 c:/arm_tool/gcc/bin/../lib/gcc/arm-none-eabi/10.3.1/../../../../arm-none-eabi/lib/thumb/v7-m/nofp\libnosys.a(lseek.o)
                0x08005a58                _lseek
 .text._read    0x08005a68       0x10 c:/arm_tool/gcc/bin/../lib/gcc/arm-none-eabi/10.3.1/../../../../arm-none-eabi/lib/thumb/v7-m/nofp\libnosys.a(read.o)
                0x08005a68                _read
 .text._sbrk    0x08005a78       0x1c c:/arm_tool/gcc/bin/../lib/gcc/arm-none-eabi/10.3.1/../../../../arm-none-eabi/lib/thumb/v7-m/nofp\libnosys.a(sbrk.o)
                0x08005a78                _sbrk
 *(.glue_7)
 .glue_7        0x08005a94        0x0 linker stubs
 *(.glue_7t)
 .glue_7t       0x08005a94        0x0 linker stubs
 *(.eh_frame)
 .eh_frame      0x08005a94        0x0 c:/arm_tool/gcc/bin/../lib/gcc/arm-none-eabi/10.3.1/thumb/v7-m/nofp/crtbegin.o
 *(.init)
 .init          0x08005a94        0x4 c:/arm_tool/gcc/bin/../lib/gcc/arm-none-eabi/10.3.1/thumb/v7-m/nofp/crti.o
                0x08005a94                _init
 .init          0x08005a98        0x8 c:/arm_tool/gcc/bin/../lib/gcc/arm-none-eabi/10.3.1/thumb/v7-m/nofp/crtn.o
 *(.fini)
 .fini          0x08005aa0        0x4 c:/arm_tool/gcc/bin/../lib/gcc/arm-none-eabi/10.3.1/thumb/v7-m/nofp/crti.o
                0x08005aa0                _fini
 .fini          0x08005aa4        0x8 c:/arm_tool/gcc/bin/../lib/gcc/arm-none-eabi/10.3.1/thumb/v7-m/nofp/crtn.o
                0x08005aac                . = ALIGN (0x4)
                0x08005aac                _etext = .

.vfp11_veneer   0x08005aac        0x0
 .vfp11_veneer  0x08005aac        0x0 linker stubs

.v4_bx          0x08005aac        0x0
 .v4_bx         0x08005aac        0x0 linker stubs

.iplt           0x08005aac        0x0
 .iplt          0x08005aac        0x0 c:/arm_tool/gcc/bin/../lib/gcc/arm-none-eabi/10.3.1/thumb/v7-m/nofp/crtbegin.o

.rodata         0x08005aac      0x1f4
                0x08005aac                . = ALIGN (0x4)
 *(.rodata)
 *(.rodata*)
 .rodata.control.str1.4
                0x08005aac        0xd build/main.o
 *fill*         0x08005ab9        0x3 
 .rodata.main.str1.4
                0x08005abc        0xc build/main.o
 .rodata.USBD_FS_ConfigStrDescriptor.str1.4
                0x08005ac8        0xb build/usbd_desc.o
 *fill*         0x08005ad3        0x1 
 .rodata.USBD_FS_InterfaceStrDescriptor.str1.4
                0x08005ad4        0xe build/usbd_desc.o
 *fill*         0x08005ae2        0x2 
 .rodata.USBD_FS_ManufacturerStrDescriptor.str1.4
                0x08005ae4        0xf build/usbd_desc.o
 *fill*         0x08005af3        0x1 
 .rodata.USBD_FS_ProductStrDescriptor.str1.4
                0x08005af4       0x16 build/usbd_desc.o
 *fill*         0x08005b0a        0x2 
 .rodata.z80_reset.str1.4
                0x08005b0c        0xb build/z80ramm_cpu.o
 *fill*         0x08005b17        0x1 
 .rodata.z80ramm_resume_cpu.str1.4
                0x08005b18       0x14 build/z80ramm_cpu.o
 .rodata.z80ramm_suspend_cpu.str1.4
                0x08005b2c       0x21 build/z80ramm_cpu.o
 *fill*         0x08005b4d        0x3 
 .rodata.mem_erase_test.str1.4
                0x08005b50       0x29 build/z80ramm_tests.o
 *fill*         0x08005b79        0x3 
 .rodata.mem_read_test.str1.4
                0x08005b7c       0x12 build/z80ramm_tests.o
                                 0x16 (size before relaxing)
 *fill*         0x08005b8e        0x2 
 .rodata.mem_write_test.str1.4
                0x08005b90       0x15 build/z80ramm_tests.o
 *fill*         0x08005ba5        0x3 
 .rodata.z80ramm_test.str1.4
                0x08005ba8       0x5e build/z80ramm_tests.o
 *fill*         0x08005c06        0x2 
 .rodata._global_impure_ptr
                0x08005c08        0x4 c:/arm_tool/gcc/bin/../lib/gcc/arm-none-eabi/10.3.1/../../../../arm-none-eabi/lib/thumb/v7-m/nofp\libc_nano.a(lib_a-impure.o)
                0x08005c08                _global_impure_ptr
 .rodata.__sf_fake_stderr
                0x08005c0c       0x20 c:/arm_tool/gcc/bin/../lib/gcc/arm-none-eabi/10.3.1/../../../../arm-none-eabi/lib/thumb/v7-m/nofp\libc_nano.a(lib_a-findfp.o)
                0x08005c0c                __sf_fake_stderr
 .rodata.__sf_fake_stdin
                0x08005c2c       0x20 c:/arm_tool/gcc/bin/../lib/gcc/arm-none-eabi/10.3.1/../../../../arm-none-eabi/lib/thumb/v7-m/nofp\libc_nano.a(lib_a-findfp.o)
                0x08005c2c                __sf_fake_stdin
 .rodata.__sf_fake_stdout
                0x08005c4c       0x20 c:/arm_tool/gcc/bin/../lib/gcc/arm-none-eabi/10.3.1/../../../../arm-none-eabi/lib/thumb/v7-m/nofp\libc_nano.a(lib_a-findfp.o)
                0x08005c4c                __sf_fake_stdout
 .rodata._vfprintf_r.str1.1
                0x08005c6c       0x11 c:/arm_tool/gcc/bin/../lib/gcc/arm-none-eabi/10.3.1/../../../../arm-none-eabi/lib/thumb/v7-m/nofp\libc_nano.a(lib_a-nano-vfprintf.o)
 .rodata._printf_i.str1.1
                0x08005c7d       0x22 c:/arm_tool/gcc/bin/../lib/gcc/arm-none-eabi/10.3.1/../../../../arm-none-eabi/lib/thumb/v7-m/nofp\libc_nano.a(lib_a-nano-vfprintf_i.o)
                0x08005ca0                . = ALIGN (0x4)
 *fill*         0x08005c9f        0x1 

.rel.dyn        0x08005ca0        0x0
 .rel.iplt      0x08005ca0        0x0 c:/arm_tool/gcc/bin/../lib/gcc/arm-none-eabi/10.3.1/thumb/v7-m/nofp/crtbegin.o

.ARM.extab
 *(.ARM.extab* .gnu.linkonce.armextab.*)

.ARM            0x08005ca0        0x0
                0x08005ca0                __exidx_start = .
 *(.ARM.exidx*)
                0x08005ca0                __exidx_end = .

.preinit_array  0x08005ca0        0x0
                0x08005ca0                PROVIDE (__preinit_array_start = .)
 *(.preinit_array*)
                0x08005ca0                PROVIDE (__preinit_array_end = .)

.init_array     0x08005ca0        0x4
                0x08005ca0                PROVIDE (__init_array_start = .)
 *(SORT_BY_NAME(.init_array.*))
 *(.init_array*)
 .init_array    0x08005ca0        0x4 c:/arm_tool/gcc/bin/../lib/gcc/arm-none-eabi/10.3.1/thumb/v7-m/nofp/crtbegin.o
                0x08005ca4                PROVIDE (__init_array_end = .)

.fini_array     0x08005ca4        0x4
                [!provide]                PROVIDE (__fini_array_start = .)
 *(SORT_BY_NAME(.fini_array.*))
 *(.fini_array*)
 .fini_array    0x08005ca4        0x4 c:/arm_tool/gcc/bin/../lib/gcc/arm-none-eabi/10.3.1/thumb/v7-m/nofp/crtbegin.o
                [!provide]                PROVIDE (__fini_array_end = .)
                0x08005ca8                _sidata = LOADADDR (.data)

.data           0x20000000      0x1e0 load address 0x08005ca8
                0x20000000                . = ALIGN (0x4)
                0x20000000                _sdata = .
 *(.data)
 *(.data*)
 .data.SystemCoreClock
                0x20000000        0x4 build/system_stm32f1xx.o
                0x20000000                SystemCoreClock
 .data.uwTickFreq
                0x20000004        0x1 build/stm32f1xx_hal.o
                0x20000004                uwTickFreq
 *fill*         0x20000005        0x3 
 .data.uwTickPrio
                0x20000008        0x4 build/stm32f1xx_hal.o
                0x20000008                uwTickPrio
 .data.FS_Desc  0x2000000c       0x1c build/usbd_desc.o
                0x2000000c                FS_Desc
 .data.USBD_FS_DeviceDesc
                0x20000028       0x12 build/usbd_desc.o
                0x20000028                USBD_FS_DeviceDesc
 *fill*         0x2000003a        0x2 
 .data.USBD_LangIDDesc
                0x2000003c        0x4 build/usbd_desc.o
                0x2000003c                USBD_LangIDDesc
 .data.USBD_StringSerial
                0x20000040       0x1a build/usbd_desc.o
                0x20000040                USBD_StringSerial
 *fill*         0x2000005a        0x2 
 .data.USBD_Interface_fops_FS
                0x2000005c       0x10 build/usbd_cdc_if.o
                0x2000005c                USBD_Interface_fops_FS
 .data.USBD_CDC
                0x2000006c       0x38 build/usbd_cdc.o
                0x2000006c                USBD_CDC
 .data.USBD_CDC_CfgFSDesc
                0x200000a4       0x43 build/usbd_cdc.o
                0x200000a4                USBD_CDC_CfgFSDesc
 *fill*         0x200000e7        0x1 
 .data.USBD_CDC_CfgHSDesc
                0x200000e8       0x43 build/usbd_cdc.o
                0x200000e8                USBD_CDC_CfgHSDesc
 *fill*         0x2000012b        0x1 
 .data.USBD_CDC_DeviceQualifierDesc
                0x2000012c        0xa build/usbd_cdc.o
 *fill*         0x20000136        0x2 
 .data.USBD_CDC_OtherSpeedCfgDesc
                0x20000138       0x43 build/usbd_cdc.o
                0x20000138                USBD_CDC_OtherSpeedCfgDesc
 *fill*         0x2000017b        0x1 
 .data._impure_ptr
                0x2000017c        0x4 c:/arm_tool/gcc/bin/../lib/gcc/arm-none-eabi/10.3.1/../../../../arm-none-eabi/lib/thumb/v7-m/nofp\libc_nano.a(lib_a-impure.o)
                0x2000017c                _impure_ptr
 .data.impure_data
                0x20000180       0x60 c:/arm_tool/gcc/bin/../lib/gcc/arm-none-eabi/10.3.1/../../../../arm-none-eabi/lib/thumb/v7-m/nofp\libc_nano.a(lib_a-impure.o)
                0x200001e0                . = ALIGN (0x4)
                0x200001e0                _edata = .

.igot.plt       0x200001e0        0x0 load address 0x08005e88
 .igot.plt      0x200001e0        0x0 c:/arm_tool/gcc/bin/../lib/gcc/arm-none-eabi/10.3.1/thumb/v7-m/nofp/crtbegin.o
                0x200001e0                . = ALIGN (0x4)

.bss            0x200001e0     0x3414 load address 0x08005e88
                0x200001e0                _sbss = .
                0x200001e0                __bss_start__ = _sbss
 *(.bss)
 .bss           0x200001e0       0x1c c:/arm_tool/gcc/bin/../lib/gcc/arm-none-eabi/10.3.1/thumb/v7-m/nofp/crtbegin.o
 *(.bss*)
 .bss.block_read_buf
                0x200001fc      0x200 build/main.o
                0x200001fc                block_read_buf
 .bss.control_cmd
                0x200003fc        0x1 build/main.o
                0x200003fc                control_cmd
 *fill*         0x200003fd        0x3 
 .bss.mem.9035  0x20000400      0x220 build/usbd_conf.o
 .bss.cfgidx.8965
                0x20000620        0x1 build/usbd_ctlreq.o
 .bss.z80_is_stopped
                0x20000621        0x1 build/z80ramm_cpu.o
                0x20000621                z80_is_stopped
 *fill*         0x20000622        0x2 
 .bss.counter   0x20000624        0x4 build/retarget.o
                0x20000624                counter
 .bss.__lock___malloc_recursive_mutex
                0x20000628        0x1 c:/arm_tool/gcc/bin/../lib/gcc/arm-none-eabi/10.3.1/../../../../arm-none-eabi/lib/thumb/v7-m/nofp\libc_nano.a(lib_a-lock.o)
                0x20000628                __lock___malloc_recursive_mutex
 .bss.__lock___sfp_recursive_mutex
                0x20000629        0x1 c:/arm_tool/gcc/bin/../lib/gcc/arm-none-eabi/10.3.1/../../../../arm-none-eabi/lib/thumb/v7-m/nofp\libc_nano.a(lib_a-lock.o)
                0x20000629                __lock___sfp_recursive_mutex
 .bss.__lock___sinit_recursive_mutex
                0x2000062a        0x1 c:/arm_tool/gcc/bin/../lib/gcc/arm-none-eabi/10.3.1/../../../../arm-none-eabi/lib/thumb/v7-m/nofp\libc_nano.a(lib_a-lock.o)
                0x2000062a                __lock___sinit_recursive_mutex
 *fill*         0x2000062b        0x1 
 .bss.__malloc_free_list
                0x2000062c        0x4 c:/arm_tool/gcc/bin/../lib/gcc/arm-none-eabi/10.3.1/../../../../arm-none-eabi/lib/thumb/v7-m/nofp\libc_nano.a(lib_a-nano-mallocr.o)
                0x2000062c                __malloc_free_list
 .bss.__malloc_sbrk_start
                0x20000630        0x4 c:/arm_tool/gcc/bin/../lib/gcc/arm-none-eabi/10.3.1/../../../../arm-none-eabi/lib/thumb/v7-m/nofp\libc_nano.a(lib_a-nano-mallocr.o)
                0x20000630                __malloc_sbrk_start
 .bss.errno     0x20000634        0x4 c:/arm_tool/gcc/bin/../lib/gcc/arm-none-eabi/10.3.1/../../../../arm-none-eabi/lib/thumb/v7-m/nofp\libc_nano.a(lib_a-reent.o)
                0x20000634                errno
 .bss.heap_end.0
                0x20000638        0x4 c:/arm_tool/gcc/bin/../lib/gcc/arm-none-eabi/10.3.1/../../../../arm-none-eabi/lib/thumb/v7-m/nofp\libnosys.a(sbrk.o)
 *(COMMON)
 COMMON         0x2000063c        0x4 build/stm32f1xx_hal.o
                0x2000063c                uwTick
 COMMON         0x20000640      0x2c4 build/usb_device.o
                0x20000640                hUsbDeviceFS
 COMMON         0x20000904      0x200 build/usbd_desc.o
                0x20000904                USBD_StrDesc
 COMMON         0x20000b04      0x2f0 build/usbd_conf.o
                0x20000b04                hpcd_USB_FS
 COMMON         0x20000df4      0x800 build/usbd_cdc_if.o
                0x20000df4                UserRxBufferFS
                0x200011f4                UserTxBufferFS
 COMMON         0x200015f4     0x2000 build/retarget.o
                0x200015f4                buf
                0x200035f4                . = ALIGN (0x4)
                0x200035f4                _ebss = .
                0x200035f4                __bss_end__ = _ebss

._user_heap_stack
                0x200035f4      0xc04 load address 0x08005e88
                0x200035f8                . = ALIGN (0x8)
 *fill*         0x200035f4        0x4 
                0x200035f8                PROVIDE (end = .)
                [!provide]                PROVIDE (_end = .)
                0x200039f8                . = (. + _Min_Heap_Size)
 *fill*         0x200035f8      0x400 
                0x200041f8                . = (. + _Min_Stack_Size)
 *fill*         0x200039f8      0x800 
                0x200041f8                . = ALIGN (0x8)

/DISCARD/
 libc.a(*)
 libm.a(*)
 libgcc.a(*)

.ARM.attributes
                0x00000000       0x29
 *(.ARM.attributes)
 .ARM.attributes
                0x00000000       0x1d c:/arm_tool/gcc/bin/../lib/gcc/arm-none-eabi/10.3.1/thumb/v7-m/nofp/crti.o
 .ARM.attributes
                0x0000001d       0x2d c:/arm_tool/gcc/bin/../lib/gcc/arm-none-eabi/10.3.1/thumb/v7-m/nofp/crtbegin.o
 .ARM.attributes
                0x0000004a       0x2d build/main.o
 .ARM.attributes
                0x00000077       0x2d build/gpio.o
 .ARM.attributes
                0x000000a4       0x2d build/stm32f1xx_it.o
 .ARM.attributes
                0x000000d1       0x2d build/system_stm32f1xx.o
 .ARM.attributes
                0x000000fe       0x2d build/stm32f1xx_ll_gpio.o
 .ARM.attributes
                0x0000012b       0x2d build/stm32f1xx_ll_utils.o
 .ARM.attributes
                0x00000158       0x2d build/stm32f1xx_hal_msp.o
 .ARM.attributes
                0x00000185       0x2d build/stm32f1xx_hal.o
 .ARM.attributes
                0x000001b2       0x2d build/stm32f1xx_hal_cortex.o
 .ARM.attributes
                0x000001df       0x2d build/usb_device.o
 .ARM.attributes
                0x0000020c       0x2d build/usbd_desc.o
 .ARM.attributes
                0x00000239       0x2d build/usbd_conf.o
 .ARM.attributes
                0x00000266       0x2d build/stm32f1xx_hal_pcd.o
 .ARM.attributes
                0x00000293       0x2d build/stm32f1xx_hal_pcd_ex.o
 .ARM.attributes
                0x000002c0       0x2d build/stm32f1xx_ll_usb.o
 .ARM.attributes
                0x000002ed       0x2d build/usbd_core.o
 .ARM.attributes
                0x0000031a       0x2d build/usbd_ctlreq.o
 .ARM.attributes
                0x00000347       0x2d build/usbd_ioreq.o
 .ARM.attributes
                0x00000374       0x2d build/usbd_cdc_if.o
 .ARM.attributes
                0x000003a1       0x2d build/usbd_cdc.o
 .ARM.attributes
                0x000003ce       0x2d build/z80ramm_cpu.o
 .ARM.attributes
                0x000003fb       0x2d build/z80ramm_gpio.o
 .ARM.attributes
                0x00000428       0x2d build/z80ramm_tests.o
 .ARM.attributes
                0x00000455       0x2d build/z80ramm.o
 .ARM.attributes
                0x00000482       0x2d build/retarget.o
 .ARM.attributes
                0x000004af       0x21 build/startup_stm32f103xb.o
 .ARM.attributes
                0x000004d0       0x2d c:/arm_tool/gcc/bin/../lib/gcc/arm-none-eabi/10.3.1/../../../../arm-none-eabi/lib/thumb/v7-m/nofp\libc_nano.a(lib_a-impure.o)
 .ARM.attributes
                0x000004fd       0x2d c:/arm_tool/gcc/bin/../lib/gcc/arm-none-eabi/10.3.1/../../../../arm-none-eabi/lib/thumb/v7-m/nofp\libc_nano.a(lib_a-init.o)
 .ARM.attributes
                0x0000052a       0x2d c:/arm_tool/gcc/bin/../lib/gcc/arm-none-eabi/10.3.1/../../../../arm-none-eabi/lib/thumb/v7-m/nofp\libc_nano.a(lib_a-memset.o)
 .ARM.attributes
                0x00000557       0x2d c:/arm_tool/gcc/bin/../lib/gcc/arm-none-eabi/10.3.1/../../../../arm-none-eabi/lib/thumb/v7-m/nofp\libc_nano.a(lib_a-printf.o)
 .ARM.attributes
                0x00000584       0x2d c:/arm_tool/gcc/bin/../lib/gcc/arm-none-eabi/10.3.1/../../../../arm-none-eabi/lib/thumb/v7-m/nofp\libc_nano.a(lib_a-puts.o)
 .ARM.attributes
                0x000005b1       0x2d c:/arm_tool/gcc/bin/../lib/gcc/arm-none-eabi/10.3.1/../../../../arm-none-eabi/lib/thumb/v7-m/nofp\libc_nano.a(lib_a-wbuf.o)
 .ARM.attributes
                0x000005de       0x2d c:/arm_tool/gcc/bin/../lib/gcc/arm-none-eabi/10.3.1/../../../../arm-none-eabi/lib/thumb/v7-m/nofp\libc_nano.a(lib_a-wsetup.o)
 .ARM.attributes
                0x0000060b       0x2d c:/arm_tool/gcc/bin/../lib/gcc/arm-none-eabi/10.3.1/../../../../arm-none-eabi/lib/thumb/v7-m/nofp\libc_nano.a(lib_a-fflush.o)
 .ARM.attributes
                0x00000638       0x2d c:/arm_tool/gcc/bin/../lib/gcc/arm-none-eabi/10.3.1/../../../../arm-none-eabi/lib/thumb/v7-m/nofp\libc_nano.a(lib_a-findfp.o)
 .ARM.attributes
                0x00000665       0x2d c:/arm_tool/gcc/bin/../lib/gcc/arm-none-eabi/10.3.1/../../../../arm-none-eabi/lib/thumb/v7-m/nofp\libc_nano.a(lib_a-fwalk.o)
 .ARM.attributes
                0x00000692       0x2d c:/arm_tool/gcc/bin/../lib/gcc/arm-none-eabi/10.3.1/../../../../arm-none-eabi/lib/thumb/v7-m/nofp\libc_nano.a(lib_a-lock.o)
 .ARM.attributes
                0x000006bf       0x2d c:/arm_tool/gcc/bin/../lib/gcc/arm-none-eabi/10.3.1/../../../../arm-none-eabi/lib/thumb/v7-m/nofp\libc_nano.a(lib_a-makebuf.o)
 .ARM.attributes
                0x000006ec       0x2d c:/arm_tool/gcc/bin/../lib/gcc/arm-none-eabi/10.3.1/../../../../arm-none-eabi/lib/thumb/v7-m/nofp\libc_nano.a(lib_a-nano-freer.o)
 .ARM.attributes
                0x00000719       0x2d c:/arm_tool/gcc/bin/../lib/gcc/arm-none-eabi/10.3.1/../../../../arm-none-eabi/lib/thumb/v7-m/nofp\libc_nano.a(lib_a-nano-mallocr.o)
 .ARM.attributes
                0x00000746       0x2d c:/arm_tool/gcc/bin/../lib/gcc/arm-none-eabi/10.3.1/../../../../arm-none-eabi/lib/thumb/v7-m/nofp\libc_nano.a(lib_a-nano-vfprintf.o)
 .ARM.attributes
                0x00000773       0x2d c:/arm_tool/gcc/bin/../lib/gcc/arm-none-eabi/10.3.1/../../../../arm-none-eabi/lib/thumb/v7-m/nofp\libc_nano.a(lib_a-nano-vfprintf_i.o)
 .ARM.attributes
                0x000007a0       0x2d c:/arm_tool/gcc/bin/../lib/gcc/arm-none-eabi/10.3.1/../../../../arm-none-eabi/lib/thumb/v7-m/nofp\libc_nano.a(lib_a-sbrkr.o)
 .ARM.attributes
                0x000007cd       0x2d c:/arm_tool/gcc/bin/../lib/gcc/arm-none-eabi/10.3.1/../../../../arm-none-eabi/lib/thumb/v7-m/nofp\libc_nano.a(lib_a-stdio.o)
 .ARM.attributes
                0x000007fa       0x2d c:/arm_tool/gcc/bin/../lib/gcc/arm-none-eabi/10.3.1/../../../../arm-none-eabi/lib/thumb/v7-m/nofp\libc_nano.a(lib_a-writer.o)
 .ARM.attributes
                0x00000827       0x2d c:/arm_tool/gcc/bin/../lib/gcc/arm-none-eabi/10.3.1/../../../../arm-none-eabi/lib/thumb/v7-m/nofp\libc_nano.a(lib_a-closer.o)
 .ARM.attributes
                0x00000854       0x2d c:/arm_tool/gcc/bin/../lib/gcc/arm-none-eabi/10.3.1/../../../../arm-none-eabi/lib/thumb/v7-m/nofp\libc_nano.a(lib_a-fstatr.o)
 .ARM.attributes
                0x00000881       0x2d c:/arm_tool/gcc/bin/../lib/gcc/arm-none-eabi/10.3.1/../../../../arm-none-eabi/lib/thumb/v7-m/nofp\libc_nano.a(lib_a-isattyr.o)
 .ARM.attributes
                0x000008ae       0x2d c:/arm_tool/gcc/bin/../lib/gcc/arm-none-eabi/10.3.1/../../../../arm-none-eabi/lib/thumb/v7-m/nofp\libc_nano.a(lib_a-lseekr.o)
 .ARM.attributes
                0x000008db       0x2d c:/arm_tool/gcc/bin/../lib/gcc/arm-none-eabi/10.3.1/../../../../arm-none-eabi/lib/thumb/v7-m/nofp\libc_nano.a(lib_a-memchr-stub.o)
 .ARM.attributes
                0x00000908       0x2d c:/arm_tool/gcc/bin/../lib/gcc/arm-none-eabi/10.3.1/../../../../arm-none-eabi/lib/thumb/v7-m/nofp\libc_nano.a(lib_a-mlock.o)
 .ARM.attributes
                0x00000935       0x2d c:/arm_tool/gcc/bin/../lib/gcc/arm-none-eabi/10.3.1/../../../../arm-none-eabi/lib/thumb/v7-m/nofp\libc_nano.a(lib_a-readr.o)
 .ARM.attributes
                0x00000962       0x2d c:/arm_tool/gcc/bin/../lib/gcc/arm-none-eabi/10.3.1/../../../../arm-none-eabi/lib/thumb/v7-m/nofp\libc_nano.a(lib_a-reent.o)
 .ARM.attributes
                0x0000098f       0x2d c:/arm_tool/gcc/bin/../lib/gcc/arm-none-eabi/10.3.1/../../../../arm-none-eabi/lib/thumb/v7-m/nofp\libnosys.a(close.o)
 .ARM.attributes
                0x000009bc       0x2d c:/arm_tool/gcc/bin/../lib/gcc/arm-none-eabi/10.3.1/../../../../arm-none-eabi/lib/thumb/v7-m/nofp\libnosys.a(fstat.o)
 .ARM.attributes
                0x000009e9       0x2d c:/arm_tool/gcc/bin/../lib/gcc/arm-none-eabi/10.3.1/../../../../arm-none-eabi/lib/thumb/v7-m/nofp\libnosys.a(isatty.o)
 .ARM.attributes
                0x00000a16       0x2d c:/arm_tool/gcc/bin/../lib/gcc/arm-none-eabi/10.3.1/../../../../arm-none-eabi/lib/thumb/v7-m/nofp\libnosys.a(lseek.o)
 .ARM.attributes
                0x00000a43       0x2d c:/arm_tool/gcc/bin/../lib/gcc/arm-none-eabi/10.3.1/../../../../arm-none-eabi/lib/thumb/v7-m/nofp\libnosys.a(read.o)
 .ARM.attributes
                0x00000a70       0x2d c:/arm_tool/gcc/bin/../lib/gcc/arm-none-eabi/10.3.1/../../../../arm-none-eabi/lib/thumb/v7-m/nofp\libnosys.a(sbrk.o)
 .ARM.attributes
                0x00000a9d       0x1d c:/arm_tool/gcc/bin/../lib/gcc/arm-none-eabi/10.3.1/thumb/v7-m/nofp/crtn.o
OUTPUT(build/prog.elf elf32-littlearm)
LOAD linker stubs
LOAD c:/arm_tool/gcc/bin/../lib/gcc/arm-none-eabi/10.3.1/../../../../arm-none-eabi/lib/thumb/v7-m/nofp\libc.a
LOAD c:/arm_tool/gcc/bin/../lib/gcc/arm-none-eabi/10.3.1/../../../../arm-none-eabi/lib/thumb/v7-m/nofp\libm.a
LOAD c:/arm_tool/gcc/bin/../lib/gcc/arm-none-eabi/10.3.1/thumb/v7-m/nofp\libgcc.a

.debug_info     0x00000000    0x1f3db
 .debug_info    0x00000000      0x867 build/main.o
 .debug_info    0x00000867      0x564 build/gpio.o
 .debug_info    0x00000dcb      0x82c build/stm32f1xx_it.o
 .debug_info    0x000015f7      0x2f7 build/system_stm32f1xx.o
 .debug_info    0x000018ee      0xa63 build/stm32f1xx_ll_gpio.o
 .debug_info    0x00002351      0xc74 build/stm32f1xx_ll_utils.o
 .debug_info    0x00002fc5      0x369 build/stm32f1xx_hal_msp.o
 .debug_info    0x0000332e      0x8e4 build/stm32f1xx_hal.o
 .debug_info    0x00003c12      0xf09 build/stm32f1xx_hal_cortex.o
 .debug_info    0x00004b1b     0x11e6 build/usb_device.o
 .debug_info    0x00005d01     0x10d6 build/usbd_desc.o
 .debug_info    0x00006dd7     0x281d build/usbd_conf.o
 .debug_info    0x000095f4     0x1ed3 build/stm32f1xx_hal_pcd.o
 .debug_info    0x0000b4c7      0x89c build/stm32f1xx_hal_pcd_ex.o
 .debug_info    0x0000bd63     0x1e04 build/stm32f1xx_ll_usb.o
 .debug_info    0x0000db67     0x191b build/usbd_core.o
 .debug_info    0x0000f482     0x1c10 build/usbd_ctlreq.o
 .debug_info    0x00011092     0x1328 build/usbd_ioreq.o
 .debug_info    0x000123ba     0x13fa build/usbd_cdc_if.o
 .debug_info    0x000137b4     0x1f8a build/usbd_cdc.o
 .debug_info    0x0001573e     0x1399 build/z80ramm_cpu.o
 .debug_info    0x00016ad7     0x6046 build/z80ramm_gpio.o
 .debug_info    0x0001cb1d      0xfee build/z80ramm_tests.o
 .debug_info    0x0001db0b      0x706 build/z80ramm.o
 .debug_info    0x0001e211     0x11a8 build/retarget.o
 .debug_info    0x0001f3b9       0x22 build/startup_stm32f103xb.o

.debug_abbrev   0x00000000     0x4083
 .debug_abbrev  0x00000000      0x29a build/main.o
 .debug_abbrev  0x0000029a      0x1f4 build/gpio.o
 .debug_abbrev  0x0000048e      0x193 build/stm32f1xx_it.o
 .debug_abbrev  0x00000621      0x153 build/system_stm32f1xx.o
 .debug_abbrev  0x00000774      0x281 build/stm32f1xx_ll_gpio.o
 .debug_abbrev  0x000009f5      0x313 build/stm32f1xx_ll_utils.o
 .debug_abbrev  0x00000d08      0x141 build/stm32f1xx_hal_msp.o
 .debug_abbrev  0x00000e49      0x21c build/stm32f1xx_hal.o
 .debug_abbrev  0x00001065      0x38a build/stm32f1xx_hal_cortex.o
 .debug_abbrev  0x000013ef      0x239 build/usb_device.o
 .debug_abbrev  0x00001628      0x331 build/usbd_desc.o
 .debug_abbrev  0x00001959      0x3a4 build/usbd_conf.o
 .debug_abbrev  0x00001cfd      0x317 build/stm32f1xx_hal_pcd.o
 .debug_abbrev  0x00002014      0x1b1 build/stm32f1xx_hal_pcd_ex.o
 .debug_abbrev  0x000021c5      0x288 build/stm32f1xx_ll_usb.o
 .debug_abbrev  0x0000244d      0x327 build/usbd_core.o
 .debug_abbrev  0x00002774      0x398 build/usbd_ctlreq.o
 .debug_abbrev  0x00002b0c      0x23a build/usbd_ioreq.o
 .debug_abbrev  0x00002d46      0x31d build/usbd_cdc_if.o
 .debug_abbrev  0x00003063      0x3ab build/usbd_cdc.o
 .debug_abbrev  0x0000340e      0x328 build/z80ramm_cpu.o
 .debug_abbrev  0x00003736      0x1ea build/z80ramm_gpio.o
 .debug_abbrev  0x00003920      0x276 build/z80ramm_tests.o
 .debug_abbrev  0x00003b96      0x21f build/z80ramm.o
 .debug_abbrev  0x00003db5      0x2bc build/retarget.o
 .debug_abbrev  0x00004071       0x12 build/startup_stm32f103xb.o

.debug_loc      0x00000000     0xef24
 .debug_loc     0x00000000      0x17e build/main.o
 .debug_loc     0x0000017e       0xc5 build/gpio.o
 .debug_loc     0x00000243       0x40 build/stm32f1xx_it.o
 .debug_loc     0x00000283       0xff build/system_stm32f1xx.o
 .debug_loc     0x00000382      0x508 build/stm32f1xx_ll_gpio.o
 .debug_loc     0x0000088a      0x722 build/stm32f1xx_ll_utils.o
 .debug_loc     0x00000fac       0x41 build/stm32f1xx_hal_msp.o
 .debug_loc     0x00000fed      0x1e1 build/stm32f1xx_hal.o
 .debug_loc     0x000011ce      0x76b build/stm32f1xx_hal_cortex.o
 .debug_loc     0x00001939       0x20 build/usb_device.o
 .debug_loc     0x00001959      0x47b build/usbd_desc.o
 .debug_loc     0x00001dd4      0xf19 build/usbd_conf.o
 .debug_loc     0x00002ced     0x197f build/stm32f1xx_hal_pcd.o
 .debug_loc     0x0000466c      0x162 build/stm32f1xx_hal_pcd_ex.o
 .debug_loc     0x000047ce     0x1b2d build/stm32f1xx_ll_usb.o
 .debug_loc     0x000062fb      0x9d9 build/usbd_core.o
 .debug_loc     0x00006cd4     0x14a3 build/usbd_ctlreq.o
 .debug_loc     0x00008177      0x364 build/usbd_ioreq.o
 .debug_loc     0x000084db      0x1a4 build/usbd_cdc_if.o
 .debug_loc     0x0000867f      0x9c2 build/usbd_cdc.o
 .debug_loc     0x00009041      0x50e build/z80ramm_cpu.o
 .debug_loc     0x0000954f     0x5215 build/z80ramm_gpio.o
 .debug_loc     0x0000e764      0x17d build/z80ramm_tests.o
 .debug_loc     0x0000e8e1      0x59a build/z80ramm.o
 .debug_loc     0x0000ee7b       0xa9 build/retarget.o

.debug_aranges  0x00000000      0xab8
 .debug_aranges
                0x00000000       0x40 build/main.o
 .debug_aranges
                0x00000040       0x20 build/gpio.o
 .debug_aranges
                0x00000060       0x68 build/stm32f1xx_it.o
 .debug_aranges
                0x000000c8       0x28 build/system_stm32f1xx.o
 .debug_aranges
                0x000000f0       0x30 build/stm32f1xx_ll_gpio.o
 .debug_aranges
                0x00000120       0x68 build/stm32f1xx_ll_utils.o
 .debug_aranges
                0x00000188       0x20 build/stm32f1xx_hal_msp.o
 .debug_aranges
                0x000001a8       0xe0 build/stm32f1xx_hal.o
 .debug_aranges
                0x00000288       0x90 build/stm32f1xx_hal_cortex.o
 .debug_aranges
                0x00000318       0x20 build/usb_device.o
 .debug_aranges
                0x00000338       0x60 build/usbd_desc.o
 .debug_aranges
                0x00000398      0x118 build/usbd_conf.o
 .debug_aranges
                0x000004b0      0x140 build/stm32f1xx_hal_pcd.o
 .debug_aranges
                0x000005f0       0x38 build/stm32f1xx_hal_pcd_ex.o
 .debug_aranges
                0x00000628       0xf8 build/stm32f1xx_ll_usb.o
 .debug_aranges
                0x00000720       0xb8 build/usbd_core.o
 .debug_aranges
                0x000007d8       0x88 build/usbd_ctlreq.o
 .debug_aranges
                0x00000860       0x50 build/usbd_ioreq.o
 .debug_aranges
                0x000008b0       0x40 build/usbd_cdc_if.o
 .debug_aranges
                0x000008f0       0x90 build/usbd_cdc.o
 .debug_aranges
                0x00000980       0x30 build/z80ramm_cpu.o
 .debug_aranges
                0x000009b0       0x48 build/z80ramm_gpio.o
 .debug_aranges
                0x000009f8       0x38 build/z80ramm_tests.o
 .debug_aranges
                0x00000a30       0x38 build/z80ramm.o
 .debug_aranges
                0x00000a68       0x28 build/retarget.o
 .debug_aranges
                0x00000a90       0x28 build/startup_stm32f103xb.o

.debug_ranges   0x00000000      0xcb8
 .debug_ranges  0x00000000       0x48 build/main.o
 .debug_ranges  0x00000048       0x10 build/gpio.o
 .debug_ranges  0x00000058       0x58 build/stm32f1xx_it.o
 .debug_ranges  0x000000b0       0x18 build/system_stm32f1xx.o
 .debug_ranges  0x000000c8       0x20 build/stm32f1xx_ll_gpio.o
 .debug_ranges  0x000000e8       0x58 build/stm32f1xx_ll_utils.o
 .debug_ranges  0x00000140       0x10 build/stm32f1xx_hal_msp.o
 .debug_ranges  0x00000150       0xd0 build/stm32f1xx_hal.o
 .debug_ranges  0x00000220       0xc8 build/stm32f1xx_hal_cortex.o
 .debug_ranges  0x000002e8       0x10 build/usb_device.o
 .debug_ranges  0x000002f8       0x50 build/usbd_desc.o
 .debug_ranges  0x00000348      0x108 build/usbd_conf.o
 .debug_ranges  0x00000450      0x210 build/stm32f1xx_hal_pcd.o
 .debug_ranges  0x00000660       0x28 build/stm32f1xx_hal_pcd_ex.o
 .debug_ranges  0x00000688      0x320 build/stm32f1xx_ll_usb.o
 .debug_ranges  0x000009a8       0xa8 build/usbd_core.o
 .debug_ranges  0x00000a50       0x78 build/usbd_ctlreq.o
 .debug_ranges  0x00000ac8       0x40 build/usbd_ioreq.o
 .debug_ranges  0x00000b08       0x30 build/usbd_cdc_if.o
 .debug_ranges  0x00000b38       0x80 build/usbd_cdc.o
 .debug_ranges  0x00000bb8       0x20 build/z80ramm_cpu.o
 .debug_ranges  0x00000bd8       0x38 build/z80ramm_gpio.o
 .debug_ranges  0x00000c10       0x48 build/z80ramm_tests.o
 .debug_ranges  0x00000c58       0x28 build/z80ramm.o
 .debug_ranges  0x00000c80       0x18 build/retarget.o
 .debug_ranges  0x00000c98       0x20 build/startup_stm32f103xb.o

.debug_line     0x00000000     0xbc3d
 .debug_line    0x00000000      0x52e build/main.o
 .debug_line    0x0000052e      0x29b build/gpio.o
 .debug_line    0x000007c9      0x2c8 build/stm32f1xx_it.o
 .debug_line    0x00000a91      0x23c build/system_stm32f1xx.o
 .debug_line    0x00000ccd      0x50e build/stm32f1xx_ll_gpio.o
 .debug_line    0x000011db      0x6eb build/stm32f1xx_ll_utils.o
 .debug_line    0x000018c6      0x1af build/stm32f1xx_hal_msp.o
 .debug_line    0x00001a75      0x4c5 build/stm32f1xx_hal.o
 .debug_line    0x00001f3a      0x617 build/stm32f1xx_hal_cortex.o
 .debug_line    0x00002551      0x308 build/usb_device.o
 .debug_line    0x00002859      0x456 build/usbd_desc.o
 .debug_line    0x00002caf      0x86f build/usbd_conf.o
 .debug_line    0x0000351e     0x1814 build/stm32f1xx_hal_pcd.o
 .debug_line    0x00004d32      0x281 build/stm32f1xx_hal_pcd_ex.o
 .debug_line    0x00004fb3     0x14f3 build/stm32f1xx_ll_usb.o
 .debug_line    0x000064a6      0x82f build/usbd_core.o
 .debug_line    0x00006cd5      0xc54 build/usbd_ctlreq.o
 .debug_line    0x00007929      0x396 build/usbd_ioreq.o
 .debug_line    0x00007cbf      0x360 build/usbd_cdc_if.o
 .debug_line    0x0000801f      0x879 build/usbd_cdc.o
 .debug_line    0x00008898      0x497 build/z80ramm_cpu.o
 .debug_line    0x00008d2f     0x2386 build/z80ramm_gpio.o
 .debug_line    0x0000b0b5      0x41b build/z80ramm_tests.o
 .debug_line    0x0000b4d0      0x3cc build/z80ramm.o
 .debug_line    0x0000b89c      0x32d build/retarget.o
 .debug_line    0x0000bbc9       0x74 build/startup_stm32f103xb.o

.debug_str      0x00000000     0x328c
 .debug_str     0x00000000      0x453 build/main.o
                                0x4c0 (size before relaxing)
 .debug_str     0x00000453      0x206 build/gpio.o
                                0x384 (size before relaxing)
 .debug_str     0x00000659      0x428 build/stm32f1xx_it.o
                                0x6c5 (size before relaxing)
 .debug_str     0x00000a81       0x4f build/system_stm32f1xx.o
                                0x2ed (size before relaxing)
 .debug_str     0x00000ad0      0x116 build/stm32f1xx_ll_gpio.o
                                0x439 (size before relaxing)
 .debug_str     0x00000be6      0x2b9 build/stm32f1xx_ll_utils.o
                                0x6ec (size before relaxing)
 .debug_str     0x00000e9f       0x4d build/stm32f1xx_hal_msp.o
                                0x315 (size before relaxing)
 .debug_str     0x00000eec      0x51c build/stm32f1xx_hal.o
                                0x86a (size before relaxing)
 .debug_str     0x00001408      0x39a build/stm32f1xx_hal_cortex.o
                                0x986 (size before relaxing)
 .debug_str     0x000017a2      0x78e build/usb_device.o
                                0xb10 (size before relaxing)
 .debug_str     0x00001f30      0x181 build/usbd_desc.o
                                0x91b (size before relaxing)
 .debug_str     0x000020b1      0x500 build/usbd_conf.o
                               0x166f (size before relaxing)
 .debug_str     0x000025b1      0x352 build/stm32f1xx_hal_pcd.o
                                0xbcd (size before relaxing)
 .debug_str     0x00002903      0x159 build/stm32f1xx_hal_pcd_ex.o
                                0x78d (size before relaxing)
 .debug_str     0x00002a5c      0x136 build/stm32f1xx_ll_usb.o
                                0x7df (size before relaxing)
 .debug_str     0x00002b92      0x13e build/usbd_core.o
                                0xcfb (size before relaxing)
 .debug_str     0x00002cd0       0xe2 build/usbd_ctlreq.o
                                0xc15 (size before relaxing)
 .debug_str     0x00002db2       0x60 build/usbd_ioreq.o
                                0xb42 (size before relaxing)
 .debug_str     0x00002e12      0x12e build/usbd_cdc_if.o
                                0xbe0 (size before relaxing)
 .debug_str     0x00002f40      0x18f build/usbd_cdc.o
                               0x10d0 (size before relaxing)
 .debug_str     0x000030cf       0xcf build/z80ramm_cpu.o
                                0x830 (size before relaxing)
 .debug_str     0x0000319e       0x1b build/z80ramm_gpio.o
                                0x3dc (size before relaxing)
 .debug_str     0x000031b9       0x43 build/z80ramm_tests.o
                                0x745 (size before relaxing)
 .debug_str     0x000031fc       0x4b build/z80ramm.o
                                0x27d (size before relaxing)
 .debug_str     0x00003247       0x20 build/retarget.o
                                0xa8e (size before relaxing)
 .debug_str     0x00003267       0x25 build/startup_stm32f103xb.o
                                 0x4f (size before relaxing)

.comment        0x00000000       0xb1
 .comment       0x00000000       0x49 build/main.o
                                 0x4a (size before relaxing)
 .comment       0x00000049       0x68 build/gpio.o
                                 0x69 (size before relaxing)
 .comment       0x000000b1       0x69 build/stm32f1xx_it.o
 .comment       0x000000b1       0x69 build/system_stm32f1xx.o
 .comment       0x000000b1       0x69 build/stm32f1xx_ll_gpio.o
 .comment       0x000000b1       0x69 build/stm32f1xx_ll_utils.o
 .comment       0x000000b1       0x69 build/stm32f1xx_hal_msp.o
 .comment       0x000000b1       0x69 build/stm32f1xx_hal.o
 .comment       0x000000b1       0x69 build/stm32f1xx_hal_cortex.o
 .comment       0x000000b1       0x69 build/usb_device.o
 .comment       0x000000b1       0x69 build/usbd_desc.o
 .comment       0x000000b1       0x69 build/usbd_conf.o
 .comment       0x000000b1       0x69 build/stm32f1xx_hal_pcd.o
 .comment       0x000000b1       0x69 build/stm32f1xx_hal_pcd_ex.o
 .comment       0x000000b1       0x69 build/stm32f1xx_ll_usb.o
 .comment       0x000000b1       0x69 build/usbd_core.o
 .comment       0x000000b1       0x69 build/usbd_ctlreq.o
 .comment       0x000000b1       0x69 build/usbd_ioreq.o
 .comment       0x000000b1       0x69 build/usbd_cdc_if.o
 .comment       0x000000b1       0x69 build/usbd_cdc.o
 .comment       0x000000b1       0x69 build/z80ramm_cpu.o
 .comment       0x000000b1       0x69 build/z80ramm_gpio.o
 .comment       0x000000b1       0x69 build/z80ramm_tests.o
 .comment       0x000000b1       0x4a build/z80ramm.o
 .comment       0x000000b1       0x69 build/retarget.o

.debug_frame    0x00000000     0x23b4
 .debug_frame   0x00000000       0x80 build/main.o
 .debug_frame   0x00000080       0x30 build/gpio.o
 .debug_frame   0x000000b0       0xc8 build/stm32f1xx_it.o
 .debug_frame   0x00000178       0x30 build/system_stm32f1xx.o
 .debug_frame   0x000001a8       0x54 build/stm32f1xx_ll_gpio.o
 .debug_frame   0x000001fc      0x104 build/stm32f1xx_ll_utils.o
 .debug_frame   0x00000300       0x28 build/stm32f1xx_hal_msp.o
 .debug_frame   0x00000328      0x1e0 build/stm32f1xx_hal.o
 .debug_frame   0x00000508      0x13c build/stm32f1xx_hal_cortex.o
 .debug_frame   0x00000644       0x2c build/usb_device.o
 .debug_frame   0x00000670       0xfc build/usbd_desc.o
 .debug_frame   0x0000076c      0x354 build/usbd_conf.o
 .debug_frame   0x00000ac0      0x3d4 build/stm32f1xx_hal_pcd.o
 .debug_frame   0x00000e94       0x60 build/stm32f1xx_hal_pcd_ex.o
 .debug_frame   0x00000ef4      0x24c build/stm32f1xx_ll_usb.o
 .debug_frame   0x00001140      0x1f0 build/usbd_core.o
 .debug_frame   0x00001330      0x1ac build/usbd_ctlreq.o
 .debug_frame   0x000014dc       0xd4 build/usbd_ioreq.o
 .debug_frame   0x000015b0       0x88 build/usbd_cdc_if.o
 .debug_frame   0x00001638      0x184 build/usbd_cdc.o
 .debug_frame   0x000017bc       0x68 build/z80ramm_cpu.o
 .debug_frame   0x00001824      0x100 build/z80ramm_gpio.o
 .debug_frame   0x00001924       0x8c build/z80ramm_tests.o
 .debug_frame   0x000019b0       0x80 build/z80ramm.o
 .debug_frame   0x00001a30       0x58 build/retarget.o
 .debug_frame   0x00001a88       0x2c c:/arm_tool/gcc/bin/../lib/gcc/arm-none-eabi/10.3.1/../../../../arm-none-eabi/lib/thumb/v7-m/nofp\libc_nano.a(lib_a-init.o)
 .debug_frame   0x00001ab4       0x20 c:/arm_tool/gcc/bin/../lib/gcc/arm-none-eabi/10.3.1/../../../../arm-none-eabi/lib/thumb/v7-m/nofp\libc_nano.a(lib_a-memset.o)
 .debug_frame   0x00001ad4       0x74 c:/arm_tool/gcc/bin/../lib/gcc/arm-none-eabi/10.3.1/../../../../arm-none-eabi/lib/thumb/v7-m/nofp\libc_nano.a(lib_a-printf.o)
 .debug_frame   0x00001b48       0x3c c:/arm_tool/gcc/bin/../lib/gcc/arm-none-eabi/10.3.1/../../../../arm-none-eabi/lib/thumb/v7-m/nofp\libc_nano.a(lib_a-puts.o)
 .debug_frame   0x00001b84       0x40 c:/arm_tool/gcc/bin/../lib/gcc/arm-none-eabi/10.3.1/../../../../arm-none-eabi/lib/thumb/v7-m/nofp\libc_nano.a(lib_a-wbuf.o)
 .debug_frame   0x00001bc4       0x2c c:/arm_tool/gcc/bin/../lib/gcc/arm-none-eabi/10.3.1/../../../../arm-none-eabi/lib/thumb/v7-m/nofp\libc_nano.a(lib_a-wsetup.o)
 .debug_frame   0x00001bf0       0x5c c:/arm_tool/gcc/bin/../lib/gcc/arm-none-eabi/10.3.1/../../../../arm-none-eabi/lib/thumb/v7-m/nofp\libc_nano.a(lib_a-fflush.o)
 .debug_frame   0x00001c4c      0x14c c:/arm_tool/gcc/bin/../lib/gcc/arm-none-eabi/10.3.1/../../../../arm-none-eabi/lib/thumb/v7-m/nofp\libc_nano.a(lib_a-findfp.o)
 .debug_frame   0x00001d98       0x54 c:/arm_tool/gcc/bin/../lib/gcc/arm-none-eabi/10.3.1/../../../../arm-none-eabi/lib/thumb/v7-m/nofp\libc_nano.a(lib_a-fwalk.o)
 .debug_frame   0x00001dec       0xb0 c:/arm_tool/gcc/bin/../lib/gcc/arm-none-eabi/10.3.1/../../../../arm-none-eabi/lib/thumb/v7-m/nofp\libc_nano.a(lib_a-lock.o)
 .debug_frame   0x00001e9c       0x58 c:/arm_tool/gcc/bin/../lib/gcc/arm-none-eabi/10.3.1/../../../../arm-none-eabi/lib/thumb/v7-m/nofp\libc_nano.a(lib_a-makebuf.o)
 .debug_frame   0x00001ef4       0x38 c:/arm_tool/gcc/bin/../lib/gcc/arm-none-eabi/10.3.1/../../../../arm-none-eabi/lib/thumb/v7-m/nofp\libc_nano.a(lib_a-nano-freer.o)
 .debug_frame   0x00001f2c       0x4c c:/arm_tool/gcc/bin/../lib/gcc/arm-none-eabi/10.3.1/../../../../arm-none-eabi/lib/thumb/v7-m/nofp\libc_nano.a(lib_a-nano-mallocr.o)
 .debug_frame   0x00001f78       0xac c:/arm_tool/gcc/bin/../lib/gcc/arm-none-eabi/10.3.1/../../../../arm-none-eabi/lib/thumb/v7-m/nofp\libc_nano.a(lib_a-nano-vfprintf.o)
 .debug_frame   0x00002024       0x60 c:/arm_tool/gcc/bin/../lib/gcc/arm-none-eabi/10.3.1/../../../../arm-none-eabi/lib/thumb/v7-m/nofp\libc_nano.a(lib_a-nano-vfprintf_i.o)
 .debug_frame   0x00002084       0x2c c:/arm_tool/gcc/bin/../lib/gcc/arm-none-eabi/10.3.1/../../../../arm-none-eabi/lib/thumb/v7-m/nofp\libc_nano.a(lib_a-sbrkr.o)
 .debug_frame   0x000020b0       0x88 c:/arm_tool/gcc/bin/../lib/gcc/arm-none-eabi/10.3.1/../../../../arm-none-eabi/lib/thumb/v7-m/nofp\libc_nano.a(lib_a-stdio.o)
 .debug_frame   0x00002138       0x2c c:/arm_tool/gcc/bin/../lib/gcc/arm-none-eabi/10.3.1/../../../../arm-none-eabi/lib/thumb/v7-m/nofp\libc_nano.a(lib_a-writer.o)
 .debug_frame   0x00002164       0x2c c:/arm_tool/gcc/bin/../lib/gcc/arm-none-eabi/10.3.1/../../../../arm-none-eabi/lib/thumb/v7-m/nofp\libc_nano.a(lib_a-closer.o)
 .debug_frame   0x00002190       0x2c c:/arm_tool/gcc/bin/../lib/gcc/arm-none-eabi/10.3.1/../../../../arm-none-eabi/lib/thumb/v7-m/nofp\libc_nano.a(lib_a-fstatr.o)
 .debug_frame   0x000021bc       0x2c c:/arm_tool/gcc/bin/../lib/gcc/arm-none-eabi/10.3.1/../../../../arm-none-eabi/lib/thumb/v7-m/nofp\libc_nano.a(lib_a-isattyr.o)
 .debug_frame   0x000021e8       0x2c c:/arm_tool/gcc/bin/../lib/gcc/arm-none-eabi/10.3.1/../../../../arm-none-eabi/lib/thumb/v7-m/nofp\libc_nano.a(lib_a-lseekr.o)
 .debug_frame   0x00002214       0x28 c:/arm_tool/gcc/bin/../lib/gcc/arm-none-eabi/10.3.1/../../../../arm-none-eabi/lib/thumb/v7-m/nofp\libc_nano.a(lib_a-memchr-stub.o)
 .debug_frame   0x0000223c       0x30 c:/arm_tool/gcc/bin/../lib/gcc/arm-none-eabi/10.3.1/../../../../arm-none-eabi/lib/thumb/v7-m/nofp\libc_nano.a(lib_a-mlock.o)
 .debug_frame   0x0000226c       0x2c c:/arm_tool/gcc/bin/../lib/gcc/arm-none-eabi/10.3.1/../../../../arm-none-eabi/lib/thumb/v7-m/nofp\libc_nano.a(lib_a-readr.o)
 .debug_frame   0x00002298       0x5c c:/arm_tool/gcc/bin/../lib/gcc/arm-none-eabi/10.3.1/../../../../arm-none-eabi/lib/thumb/v7-m/nofp\libc_nano.a(lib_a-reent.o)
 .debug_frame   0x000022f4       0x20 c:/arm_tool/gcc/bin/../lib/gcc/arm-none-eabi/10.3.1/../../../../arm-none-eabi/lib/thumb/v7-m/nofp\libnosys.a(close.o)
 .debug_frame   0x00002314       0x20 c:/arm_tool/gcc/bin/../lib/gcc/arm-none-eabi/10.3.1/../../../../arm-none-eabi/lib/thumb/v7-m/nofp\libnosys.a(fstat.o)
 .debug_frame   0x00002334       0x20 c:/arm_tool/gcc/bin/../lib/gcc/arm-none-eabi/10.3.1/../../../../arm-none-eabi/lib/thumb/v7-m/nofp\libnosys.a(isatty.o)
 .debug_frame   0x00002354       0x20 c:/arm_tool/gcc/bin/../lib/gcc/arm-none-eabi/10.3.1/../../../../arm-none-eabi/lib/thumb/v7-m/nofp\libnosys.a(lseek.o)
 .debug_frame   0x00002374       0x20 c:/arm_tool/gcc/bin/../lib/gcc/arm-none-eabi/10.3.1/../../../../arm-none-eabi/lib/thumb/v7-m/nofp\libnosys.a(read.o)
 .debug_frame   0x00002394       0x20 c:/arm_tool/gcc/bin/../lib/gcc/arm-none-eabi/10.3.1/../../../../arm-none-eabi/lib/thumb/v7-m/nofp\libnosys.a(sbrk.o)

.stab           0x00000000       0x84
 .stab          0x00000000       0x24 c:/arm_tool/gcc/bin/../lib/gcc/arm-none-eabi/10.3.1/../../../../arm-none-eabi/lib/thumb/v7-m/nofp\libnosys.a(close.o)
 .stab          0x00000024       0x18 c:/arm_tool/gcc/bin/../lib/gcc/arm-none-eabi/10.3.1/../../../../arm-none-eabi/lib/thumb/v7-m/nofp\libnosys.a(fstat.o)
                                 0x24 (size before relaxing)
 .stab          0x0000003c       0x18 c:/arm_tool/gcc/bin/../lib/gcc/arm-none-eabi/10.3.1/../../../../arm-none-eabi/lib/thumb/v7-m/nofp\libnosys.a(isatty.o)
                                 0x24 (size before relaxing)
 .stab          0x00000054       0x18 c:/arm_tool/gcc/bin/../lib/gcc/arm-none-eabi/10.3.1/../../../../arm-none-eabi/lib/thumb/v7-m/nofp\libnosys.a(lseek.o)
                                 0x24 (size before relaxing)
 .stab          0x0000006c       0x18 c:/arm_tool/gcc/bin/../lib/gcc/arm-none-eabi/10.3.1/../../../../arm-none-eabi/lib/thumb/v7-m/nofp\libnosys.a(read.o)
                                 0x24 (size before relaxing)

.stabstr        0x00000000      0x117
 .stabstr       0x00000000      0x117 c:/arm_tool/gcc/bin/../lib/gcc/arm-none-eabi/10.3.1/../../../../arm-none-eabi/lib/thumb/v7-m/nofp\libnosys.a(close.o)

Cross Reference Table

Symbol                                            File
ADC1_2_IRQHandler                                 build/startup_stm32f103xb.o
AHBPrescTable                                     build/system_stm32f1xx.o
                                                  build/stm32f1xx_hal_rcc.o
                                                  build/stm32f1xx_ll_utils.o
                                                  build/stm32f1xx_ll_rcc.o
APBPrescTable                                     build/system_stm32f1xx.o
                                                  build/stm32f1xx_hal_rcc.o
                                                  build/stm32f1xx_ll_rcc.o
BusFault_Handler                                  build/stm32f1xx_it.o
CAN1_RX1_IRQHandler                               build/startup_stm32f103xb.o
CAN1_SCE_IRQHandler                               build/startup_stm32f103xb.o
CDC_Transmit_FS                                   build/usbd_cdc_if.o
                                                  build/retarget.o
DMA1_Channel1_IRQHandler                          build/startup_stm32f103xb.o
DMA1_Channel2_IRQHandler                          build/startup_stm32f103xb.o
DMA1_Channel3_IRQHandler                          build/startup_stm32f103xb.o
DMA1_Channel4_IRQHandler                          build/startup_stm32f103xb.o
DMA1_Channel5_IRQHandler                          build/startup_stm32f103xb.o
DMA1_Channel6_IRQHandler                          build/startup_stm32f103xb.o
DMA1_Channel7_IRQHandler                          build/startup_stm32f103xb.o
DebugMon_Handler                                  build/stm32f1xx_it.o
Default_Handler                                   build/startup_stm32f103xb.o
EXTI0_IRQHandler                                  build/startup_stm32f103xb.o
EXTI15_10_IRQHandler                              build/startup_stm32f103xb.o
EXTI1_IRQHandler                                  build/startup_stm32f103xb.o
EXTI2_IRQHandler                                  build/startup_stm32f103xb.o
EXTI3_IRQHandler                                  build/startup_stm32f103xb.o
EXTI4_IRQHandler                                  build/startup_stm32f103xb.o
EXTI9_5_IRQHandler                                build/startup_stm32f103xb.o
Error_Handler                                     build/main.o
                                                  build/usbd_conf.o
                                                  build/usb_device.o
FLASH_IRQHandler                                  build/startup_stm32f103xb.o
FLASH_PageErase                                   build/stm32f1xx_hal_flash_ex.o
                                                  build/stm32f1xx_hal_flash.o
FLASH_WaitForLastOperation                        build/stm32f1xx_hal_flash.o
                                                  build/stm32f1xx_hal_flash_ex.o
FS_Desc                                           build/usbd_desc.o
                                                  build/usb_device.o
HAL_DBGMCU_DisableDBGSleepMode                    build/stm32f1xx_hal.o
HAL_DBGMCU_DisableDBGStandbyMode                  build/stm32f1xx_hal.o
HAL_DBGMCU_DisableDBGStopMode                     build/stm32f1xx_hal.o
HAL_DBGMCU_EnableDBGSleepMode                     build/stm32f1xx_hal.o
HAL_DBGMCU_EnableDBGStandbyMode                   build/stm32f1xx_hal.o
HAL_DBGMCU_EnableDBGStopMode                      build/stm32f1xx_hal.o
HAL_DMA_Abort                                     build/stm32f1xx_hal_dma.o
HAL_DMA_Abort_IT                                  build/stm32f1xx_hal_dma.o
HAL_DMA_DeInit                                    build/stm32f1xx_hal_dma.o
HAL_DMA_GetError                                  build/stm32f1xx_hal_dma.o
HAL_DMA_GetState                                  build/stm32f1xx_hal_dma.o
HAL_DMA_IRQHandler                                build/stm32f1xx_hal_dma.o
HAL_DMA_Init                                      build/stm32f1xx_hal_dma.o
HAL_DMA_PollForTransfer                           build/stm32f1xx_hal_dma.o
HAL_DMA_RegisterCallback                          build/stm32f1xx_hal_dma.o
HAL_DMA_Start                                     build/stm32f1xx_hal_dma.o
HAL_DMA_Start_IT                                  build/stm32f1xx_hal_dma.o
HAL_DMA_UnRegisterCallback                        build/stm32f1xx_hal_dma.o
HAL_DeInit                                        build/stm32f1xx_hal.o
HAL_Delay                                         build/stm32f1xx_hal.o
                                                  build/usbd_conf.o
                                                  build/main.o
HAL_EXTI_ClearConfigLine                          build/stm32f1xx_hal_exti.o
HAL_EXTI_ClearPending                             build/stm32f1xx_hal_exti.o
HAL_EXTI_GenerateSWI                              build/stm32f1xx_hal_exti.o
HAL_EXTI_GetConfigLine                            build/stm32f1xx_hal_exti.o
HAL_EXTI_GetHandle                                build/stm32f1xx_hal_exti.o
HAL_EXTI_GetPending                               build/stm32f1xx_hal_exti.o
HAL_EXTI_IRQHandler                               build/stm32f1xx_hal_exti.o
HAL_EXTI_RegisterCallback                         build/stm32f1xx_hal_exti.o
HAL_EXTI_SetConfigLine                            build/stm32f1xx_hal_exti.o
HAL_FLASHEx_Erase                                 build/stm32f1xx_hal_flash_ex.o
HAL_FLASHEx_Erase_IT                              build/stm32f1xx_hal_flash_ex.o
HAL_FLASHEx_OBErase                               build/stm32f1xx_hal_flash_ex.o
HAL_FLASHEx_OBGetConfig                           build/stm32f1xx_hal_flash_ex.o
HAL_FLASHEx_OBGetUserData                         build/stm32f1xx_hal_flash_ex.o
HAL_FLASHEx_OBProgram                             build/stm32f1xx_hal_flash_ex.o
HAL_FLASH_EndOfOperationCallback                  build/stm32f1xx_hal_flash.o
HAL_FLASH_GetError                                build/stm32f1xx_hal_flash.o
HAL_FLASH_IRQHandler                              build/stm32f1xx_hal_flash.o
HAL_FLASH_Lock                                    build/stm32f1xx_hal_flash.o
HAL_FLASH_OB_Launch                               build/stm32f1xx_hal_flash.o
HAL_FLASH_OB_Lock                                 build/stm32f1xx_hal_flash.o
HAL_FLASH_OB_Unlock                               build/stm32f1xx_hal_flash.o
HAL_FLASH_OperationErrorCallback                  build/stm32f1xx_hal_flash.o
HAL_FLASH_Program                                 build/stm32f1xx_hal_flash.o
HAL_FLASH_Program_IT                              build/stm32f1xx_hal_flash.o
HAL_FLASH_Unlock                                  build/stm32f1xx_hal_flash.o
HAL_GPIOEx_ConfigEventout                         build/stm32f1xx_hal_gpio_ex.o
HAL_GPIOEx_DisableEventout                        build/stm32f1xx_hal_gpio_ex.o
HAL_GPIOEx_EnableEventout                         build/stm32f1xx_hal_gpio_ex.o
HAL_GPIO_DeInit                                   build/stm32f1xx_hal_gpio.o
HAL_GPIO_EXTI_Callback                            build/stm32f1xx_hal_gpio.o
HAL_GPIO_EXTI_IRQHandler                          build/stm32f1xx_hal_gpio.o
HAL_GPIO_Init                                     build/stm32f1xx_hal_gpio.o
                                                  build/stm32f1xx_hal_rcc.o
HAL_GPIO_LockPin                                  build/stm32f1xx_hal_gpio.o
HAL_GPIO_ReadPin                                  build/stm32f1xx_hal_gpio.o
HAL_GPIO_TogglePin                                build/stm32f1xx_hal_gpio.o
HAL_GPIO_WritePin                                 build/stm32f1xx_hal_gpio.o
HAL_GetDEVID                                      build/stm32f1xx_hal.o
HAL_GetHalVersion                                 build/stm32f1xx_hal.o
HAL_GetREVID                                      build/stm32f1xx_hal.o
HAL_GetTick                                       build/stm32f1xx_hal.o
                                                  build/stm32f1xx_hal_flash.o
                                                  build/stm32f1xx_hal_dma.o
                                                  build/stm32f1xx_hal_rcc_ex.o
                                                  build/stm32f1xx_hal_rcc.o
HAL_GetTickFreq                                   build/stm32f1xx_hal.o